Archive member included because of file (symbol)

../../nxtOSEK/ecrobot/../ecrobot/libecrobot.a(ecrobot_HiTechnic.o)
                              build/GyroSensor.o (ecrobot_get_gyro_sensor)
../../nxtOSEK/ecrobot/../ecrobot/libecrobot.a(ecrobot_interface.o)
                              build/model_impl.o (ecrobot_set_light_sensor_active)
../../nxtOSEK/ecrobot/../ecrobot/libecrobot.a(colorsensor.o)
                              ../../nxtOSEK/ecrobot/../ecrobot/libecrobot.a(ecrobot_interface.o) (colorsensor_init)
../../nxtOSEK/ecrobot/../ecrobot/libecrobot.a(osek_hook.o)
                              build/kernel/osctl.o (StartupHook)
../../nxtOSEK/ecrobot/../ecrobot/libecrobot.a(uart.oram)
                              build/config/at91sam7s-gnu/irq.oram (uart_isr_C_0)
../../nxtOSEK/ecrobot/../ecrobot/libecrobot.a(systick.oram)
                              build/syslib/at91sam7s-gnu/lego_nxt/hw_sys_timer.oram (systick_low_priority_C)
../../nxtOSEK/ecrobot/../ecrobot/libecrobot.a(byte_fifo.oram)
                              ../../nxtOSEK/ecrobot/../ecrobot/libecrobot.a(uart.oram) (byte_fifo_put)
../../nxtOSEK/ecrobot/../ecrobot/libecrobot.a(aic.oram)
                              ../../nxtOSEK/ecrobot/../ecrobot/libecrobot.a(uart.oram) (aic_set_vector)
../../nxtOSEK/ecrobot/../ecrobot/libecrobot.a(udp.oram)
                              build/config/at91sam7s-gnu/irq.oram (udp_isr_C)
../../nxtOSEK/ecrobot/../ecrobot/libecrobot.a(twi.oram)
                              build/config/at91sam7s-gnu/irq.oram (twi_isr_C)
../../nxtOSEK/ecrobot/../ecrobot/libecrobot.a(nxt_spi.oram)
                              build/config/at91sam7s-gnu/irq.oram (spi_isr_C)
../../nxtOSEK/ecrobot/../ecrobot/libecrobot.a(nxt_motors.oram)
                              build/Motor.o (nxt_motor_get_count)
../../nxtOSEK/ecrobot/../ecrobot/libecrobot.a(data_abort.oram)
                              build/ecrobot_init.o (data_abort_C)
../../nxtOSEK/ecrobot/../ecrobot/libecrobot.a(display.oram)
                              build/ecrobot_base.o (display_update)
../../nxtOSEK/ecrobot/../ecrobot/libecrobot.a(i2c.oram)
                              build/config/at91sam7s-gnu/irq.oram (i2c_timer_isr_C)
../../nxtOSEK/ecrobot/../ecrobot/libecrobot.a(sound.oram)
                              ../../nxtOSEK/ecrobot/../ecrobot/libecrobot.a(ecrobot_interface.o) (sound_get_time)
../../nxtOSEK/ecrobot/../ecrobot/libecrobot.a(bt.oram)
                              build/ecrobot_bluetooth.o (bt_send)
../../nxtOSEK/ecrobot/../ecrobot/libecrobot.a(nxt_avr.oram)
                              build/ecrobot_base.o (nxt_avr_power_down)
../../nxtOSEK/ecrobot/../ecrobot/libecrobot.a(sensors.oram)
                              ../../nxtOSEK/ecrobot/../ecrobot/libecrobot.a(ecrobot_interface.o) (unset_digi0)
../../nxtOSEK/ecrobot/../ecrobot/libecrobot.a(sensors1.oram)
                              ../../nxtOSEK/ecrobot/../ecrobot/libecrobot.a(colorsensor.o) (sensor_pins)
../../nxtOSEK/ecrobot/../ecrobot/libecrobot.a(nxt_lcd.oram)
                              ../../nxtOSEK/ecrobot/../ecrobot/libecrobot.a(display.oram) (nxt_lcd_force_update)
../../nxtOSEK/ecrobot/../ecrobot/libecrobot.a(flash_loader.oram)
                              build/ecrobot_base.o (set_flash_request)
../../nxtOSEK/ecrobot/../ecrobot/libecrobot.a(interrupts.oram)
                              ../../nxtOSEK/ecrobot/../ecrobot/libecrobot.a(uart.oram) (interrupts_get_and_disable)
../../nxtOSEK/ecrobot/../ecrobot/libecrobot.a(nxtosek_splash.obmp)
                              build/ecrobot_base.o (nxtosek_splash_bmp_start)
../../nxtOSEK/ecrobot/../ecrobot/libecrobot.a(ecrobot_usb.o)
                              ../../nxtOSEK/ecrobot/../ecrobot/libecrobot.a(flash_loader.oram) (ecrobot_init_usb)
../../nxtOSEK/ecrobot/../ecrobot/libecrobot.a(flashprog.oram)
                              ../../nxtOSEK/ecrobot/../ecrobot/libecrobot.a(flash_loader.oram) (flash_write_page)
../../nxtOSEK/ecrobot/../ecrobot/libnxtway_gs_balancer.a(balancer.o)
                              build/BalanceRunner.o (balance_control)
/cygdrive/C/cygwin/GNUARM/bin/../lib/gcc/arm-elf/4.0.2/thumb/interwork/libgcc.a(_udivsi3.o)
                              build/ecrobot_base.o (__udivsi3)
/cygdrive/C/cygwin/GNUARM/bin/../lib/gcc/arm-elf/4.0.2/thumb/interwork/libgcc.a(_divsi3.o)
                              ../../nxtOSEK/ecrobot/../ecrobot/libecrobot.a(uart.oram) (__divsi3)
/cygdrive/C/cygwin/GNUARM/bin/../lib/gcc/arm-elf/4.0.2/thumb/interwork/libgcc.a(_umodsi3.o)
                              ../../nxtOSEK/ecrobot/../ecrobot/libecrobot.a(display.oram) (__umodsi3)
/cygdrive/C/cygwin/GNUARM/bin/../lib/gcc/arm-elf/4.0.2/thumb/interwork/libgcc.a(_modsi3.o)
                              ../../nxtOSEK/ecrobot/../ecrobot/libecrobot.a(sound.oram) (__modsi3)
/cygdrive/C/cygwin/GNUARM/bin/../lib/gcc/arm-elf/4.0.2/thumb/interwork/libgcc.a(_dvmd_tls.o)
[...]
Memory Configuration

Name             Origin             Length             Attributes
header_ram       0x001ffff0         0x00000010
vector_ram       0x00200000         0x00000040
ram              0x00200040         0x0000ffc0
*default*        0x00000000         0xffffffff

Linker script and memory map

LOAD build/kernel/alarm.o
LOAD build/kernel/event.o
LOAD build/kernel/interrupt.o
LOAD build/kernel/osctl.o
LOAD build/kernel/resource.o
LOAD build/kernel/task.o
LOAD build/kernel/task_manage.o
LOAD build/config/at91sam7s-gnu/cpu_config.o
LOAD build/config/at91sam7s-gnu/lego_nxt/sys_config.o
LOAD build/./kernel_cfg.o
LOAD build/syscalls.o
LOAD build/ecrobot_bluetooth.o
LOAD build/ecrobot_base.o
LOAD build/ecrobot.o
LOAD build/balancer_param.o
LOAD build/LineTracer.o
LOAD build/ColorJudgement.o
LOAD build/BalanceRunner.o
LOAD build/GyroSensor.o
LOAD build/LightSensor.o
LOAD build/Motor.o
LOAD build/model_impl.o
LOAD build/UI.o
LOAD build/TouchSensor.o
LOAD build/Tail.o
LOAD build/PID.o
LOAD build/BlueTooth.o
LOAD build/syslib/at91sam7s-gnu/lego_nxt/hw_sys_timer.oram
LOAD build/nxtvm/platform/nxt/vectors.o
LOAD build/config/at91sam7s-gnu/debug.o
LOAD build/config/at91sam7s-gnu/lego_nxt/sys_support.o
LOAD build/nxt_binary_header.o
LOAD build/nxt_entry_point.o
LOAD build/ecrobot_init.o
LOAD build/config/at91sam7s-gnu/cpu_support.oram
LOAD build/config/at91sam7s-gnu/irq.oram
LOAD ../../nxtOSEK/ecrobot/../c++/liblejososek.a
LOAD ../../nxtOSEK/ecrobot/../ecrobot/libecrobot.a
LOAD ../../nxtOSEK/ecrobot/../ecrobot/libnxtway_gs_balancer.a
LOAD /cygdrive/C/cygwin/GNUARM/bin/../lib/gcc/arm-elf/4.0.2/../../../../arm-elf/lib/thumb/interwork/libstdc++.a
LOAD /cygdrive/C/cygwin/GNUARM/bin/../lib/gcc/arm-elf/4.0.2/../../../../arm-elf/lib/thumb/interwork/libm.a
LOAD /cygdrive/C/cygwin/GNUARM/bin/../lib/gcc/arm-elf/4.0.2/thumb/interwork/libgcc.a
LOAD /cygdrive/C/cygwin/GNUARM/bin/../lib/gcc/arm-elf/4.0.2/../../../../arm-elf/lib/thumb/interwork/libc.a
LOAD /cygdrive/C/cygwin/GNUARM/bin/../lib/gcc/arm-elf/4.0.2/thumb/interwork/libgcc.a
                0x00200000                RAM_BASE = 0x200000
                0x00010000                RAM_SIZE = 0x10000

.header         0x001ffff0       0x10
 *nxt_binary_header.o(*.text *.text.*)
 .text          0x001ffff0       0x10 build/nxt_binary_header.o
                0x00200000                . = ALIGN (0x10)

.vectors        0x00200000       0x40
 vectors.o(*.text *.text.*)
 .text          0x00200000       0x38 build/nxtvm/platform/nxt/vectors.o
                0x00200040                . = ALIGN (0x10)
 *fill*         0x00200038        0x8 00
                0x00200000                __vectors_ram_start__ = ADDR (.vectors)
                0x00200040                __vectors_ram_end__ = (ADDR (.vectors) + SIZEOF (.vectors))
                0x00200000                __vectors_load_start__ = LOADADDR (.vectors)
                0x00200040                __vectors_load_end__ = (LOADADDR (.vectors) + SIZEOF (.vectors))

.entry          0x00200040       0x40
 *nxt_entry_point.o(*.text *.text.*)
 .text          0x00200040       0x38 build/nxt_entry_point.o
                0x00200040                NXT_Entry_Point
                0x00200080                . = ALIGN (0x10)
 *fill*         0x00200078        0x8 00

.init           0x00200080      0x280
 *ecrobot_init.o(*.text *.text.*)
 .text          0x00200080      0x280 build/ecrobot_init.o
                0x002001ec                undef_handler
                0x002001f4                prefetch_abort_handler
                0x002001f8                data_abort_handler
                0x002001f0                swi_handler
                0x00200080                start
                0x00200214                reserved_handler
                0x00200300                . = ALIGN (0x10)

.ram_text       0x00200300     0x3430
                0x00200300                . = ALIGN (0x10)
 *.oram(*.text *.text.* *.glue*)
 .text.systick_isr_C1
                0x00200300       0x28 build/syslib/at91sam7s-gnu/lego_nxt/hw_sys_timer.oram
                0x00200300                systick_isr_C1
 *fill*         0x00200328        0x8 00
 .text          0x00200330      0x230 build/config/at91sam7s-gnu/cpu_support.oram
                0x00200510                enable_int
                0x002003b0                start_dispatch
                0x00200370                activate_r
                0x00200508                disable_int
                0x00200330                dispatch
                0x002004dc                int_return
                0x0020046c                _interrupt
                0x002003a0                exit_and_dispatch
                0x00200518                nop
 .text          0x00200560      0x2c0 build/config/at91sam7s-gnu/irq.oram
                0x00200560                default_isr
                0x002006ec                uart_isr_entry_0
                0x0020066c                twi_isr_entry
                0x0020072c                uart_isr_entry_1
                0x0020062c                spi_isr_entry
                0x002005ac                systick_low_priority_entry
                0x0020076c                nxt_motor_isr_entry
                0x002007ac                i2c_timer_isr_entry
                0x00200560                default_fiq
                0x00200564                systick_isr_entry
                0x00200560                spurious_isr
                0x002006ac                sound_isr_entry
                0x002005ec                udp_isr_entry
 .text.uart_process_isr
                0x00200820       0x88 ../../nxtOSEK/ecrobot/../ecrobot/libecrobot.a(uart.oram)
 .text.uart_isr_C_0
                0x002008a8        0xc ../../nxtOSEK/ecrobot/../ecrobot/libecrobot.a(uart.oram)
                0x002008a8                uart_isr_C_0
 .text.uart_isr_C_1
                0x002008b4        0xc ../../nxtOSEK/ecrobot/../ecrobot/libecrobot.a(uart.oram)
                0x002008b4                uart_isr_C_1
 .text.systick_low_priority_C
                0x002008c0       0x1c ../../nxtOSEK/ecrobot/../ecrobot/libecrobot.a(systick.oram)
                0x002008c0                systick_low_priority_C
 .text.systick_isr_C
                0x002008dc       0x24 ../../nxtOSEK/ecrobot/../ecrobot/libecrobot.a(systick.oram)
                0x002008dc                systick_isr_C
 .text.systick_get_ms
                0x00200900        0xc ../../nxtOSEK/ecrobot/../ecrobot/libecrobot.a(systick.oram)
                0x00200900                systick_get_ms
 .text.systick_wait_ms
                0x0020090c       0x1c ../../nxtOSEK/ecrobot/../ecrobot/libecrobot.a(systick.oram)
                0x0020090c                systick_wait_ms
 .text.systick_wait_ns
                0x00200928       0x1c ../../nxtOSEK/ecrobot/../ecrobot/libecrobot.a(systick.oram)
                0x00200928                systick_wait_ns
 .text.systick_init
                0x00200944       0x58 ../../nxtOSEK/ecrobot/../ecrobot/libecrobot.a(systick.oram)
                0x00200944                systick_init
 .text.systick_suspend
                0x0020099c        0xc ../../nxtOSEK/ecrobot/../ecrobot/libecrobot.a(systick.oram)
                0x0020099c                systick_suspend
 .text.systick_resume
                0x002009a8        0xc ../../nxtOSEK/ecrobot/../ecrobot/libecrobot.a(systick.oram)
                0x002009a8                systick_resume
 .text.byte_fifo_put
                0x002009b4       0x58 ../../nxtOSEK/ecrobot/../ecrobot/libecrobot.a(byte_fifo.oram)
                0x002009b4                byte_fifo_put
 .text.byte_fifo_get
                0x00200a0c       0x2c ../../nxtOSEK/ecrobot/../ecrobot/libecrobot.a(byte_fifo.oram)
                0x00200a0c                byte_fifo_get
 .text.aic_initialise
                0x00200a38       0x5c ../../nxtOSEK/ecrobot/../ecrobot/libecrobot.a(aic.oram)
                0x00200a38                aic_initialise
 .text.aic_set_vector
                0x00200a94       0x30 ../../nxtOSEK/ecrobot/../ecrobot/libecrobot.a(aic.oram)
                0x00200a94                aic_set_vector
 .text.aic_mask_on
                0x00200ac4       0x24 ../../nxtOSEK/ecrobot/../ecrobot/libecrobot.a(aic.oram)
                0x00200ac4                aic_mask_on
 .text.aic_mask_off
                0x00200ae8       0x24 ../../nxtOSEK/ecrobot/../ecrobot/libecrobot.a(aic.oram)
                0x00200ae8                aic_mask_off
 .text.aic_clear
                0x00200b0c       0x24 ../../nxtOSEK/ecrobot/../ecrobot/libecrobot.a(aic.oram)
                0x00200b0c                aic_clear
 .text.reset    0x00200b30       0x4c ../../nxtOSEK/ecrobot/../ecrobot/libecrobot.a(udp.oram)
 .text.udp_send_null
                0x00200b7c       0x2c ../../nxtOSEK/ecrobot/../ecrobot/libecrobot.a(udp.oram)
 .text.udp_send_stall
                0x00200ba8       0x2c ../../nxtOSEK/ecrobot/../ecrobot/libecrobot.a(udp.oram)
 .text.udp_send_control
                0x00200bd4       0x60 ../../nxtOSEK/ecrobot/../ecrobot/libecrobot.a(udp.oram)
 .text.udp_isr_C
                0x00200c34      0x7d0 ../../nxtOSEK/ecrobot/../ecrobot/libecrobot.a(udp.oram)
                0x00200c34                udp_isr_C
 .text.twi_status
                0x00201404       0x20 ../../nxtOSEK/ecrobot/../ecrobot/libecrobot.a(twi.oram)
                0x00201404                twi_status
 .text.twi_isr_C
                0x00201424       0xc4 ../../nxtOSEK/ecrobot/../ecrobot/libecrobot.a(twi.oram)
                0x00201424                twi_isr_C
 .text.twi_reset
                0x002014e8       0xb4 ../../nxtOSEK/ecrobot/../ecrobot/libecrobot.a(twi.oram)
                0x002014e8                twi_reset
 .text.twi_init
                0x0020159c       0x4c ../../nxtOSEK/ecrobot/../ecrobot/libecrobot.a(twi.oram)
                0x0020159c                twi_init
 .text.twi_start_read
                0x002015e8       0x60 ../../nxtOSEK/ecrobot/../ecrobot/libecrobot.a(twi.oram)
                0x002015e8                twi_start_read
 .text.twi_start_write
                0x00201648       0x64 ../../nxtOSEK/ecrobot/../ecrobot/libecrobot.a(twi.oram)
                0x00201648                twi_start_write
 .text.spi_set_mode
                0x002016ac       0x40 ../../nxtOSEK/ecrobot/../ecrobot/libecrobot.a(nxt_spi.oram)
 .text.spi_isr_C
                0x002016ec       0x8c ../../nxtOSEK/ecrobot/../ecrobot/libecrobot.a(nxt_spi.oram)
                0x002016ec                spi_isr_C
 .text.nxt_spi_init
                0x00201778      0x12c ../../nxtOSEK/ecrobot/../ecrobot/libecrobot.a(nxt_spi.oram)
                0x00201778                nxt_spi_init
 .text.nxt_spi_write
                0x002018a4       0x44 ../../nxtOSEK/ecrobot/../ecrobot/libecrobot.a(nxt_spi.oram)
                0x002018a4                nxt_spi_write
 .text.nxt_spi_set_display
                0x002018e8       0x10 ../../nxtOSEK/ecrobot/../ecrobot/libecrobot.a(nxt_spi.oram)
                0x002018e8                nxt_spi_set_display
 .text.nxt_spi_refresh
                0x002018f8       0x24 ../../nxtOSEK/ecrobot/../ecrobot/libecrobot.a(nxt_spi.oram)
                0x002018f8                nxt_spi_refresh
 .text.nxt_motor_get_count
                0x0020191c       0x14 ../../nxtOSEK/ecrobot/../ecrobot/libecrobot.a(nxt_motors.oram)
                0x0020191c                nxt_motor_get_count
 .text.nxt_motor_set_count
                0x00201930       0x10 ../../nxtOSEK/ecrobot/../ecrobot/libecrobot.a(nxt_motors.oram)
                0x00201930                nxt_motor_set_count
 .text.nxt_motor_set_speed
                0x00201940       0x34 ../../nxtOSEK/ecrobot/../ecrobot/libecrobot.a(nxt_motors.oram)
                0x00201940                nxt_motor_set_speed
 .text.nxt_motor_1kHz_process
                0x00201974       0x28 ../../nxtOSEK/ecrobot/../ecrobot/libecrobot.a(nxt_motors.oram)
                0x00201974                nxt_motor_1kHz_process
 .text.nxt_motor_quad_decode
                0x0020199c       0x30 ../../nxtOSEK/ecrobot/../ecrobot/libecrobot.a(nxt_motors.oram)
                0x0020199c                nxt_motor_quad_decode
 .text.nxt_motor_isr_C
                0x002019cc       0x88 ../../nxtOSEK/ecrobot/../ecrobot/libecrobot.a(nxt_motors.oram)
                0x002019cc                nxt_motor_isr_C
 .text.nxt_motor_init
                0x00201a54       0x68 ../../nxtOSEK/ecrobot/../ecrobot/libecrobot.a(nxt_motors.oram)
                0x00201a54                nxt_motor_init
 .text.data_abort_C
                0x00201abc       0x7c ../../nxtOSEK/ecrobot/../ecrobot/libecrobot.a(data_abort.oram)
                0x00201abc                data_abort_C
 .text.display_update
                0x00201b38       0x14 ../../nxtOSEK/ecrobot/../ecrobot/libecrobot.a(display.oram)
                0x00201b38                display_update
 .text.display_force_update
                0x00201b4c        0xc ../../nxtOSEK/ecrobot/../ecrobot/libecrobot.a(display.oram)
                0x00201b4c                display_force_update
 .text.display_clear
                0x00201b58       0x24 ../../nxtOSEK/ecrobot/../ecrobot/libecrobot.a(display.oram)
                0x00201b58                display_clear
 .text.display_goto_xy
                0x00201b7c       0x14 ../../nxtOSEK/ecrobot/../ecrobot/libecrobot.a(display.oram)
                0x00201b7c                display_goto_xy
 .text.display_char
                0x00201b90       0x60 ../../nxtOSEK/ecrobot/../ecrobot/libecrobot.a(display.oram)
                0x00201b90                display_char
 .text.display_string
                0x00201bf0       0x3c ../../nxtOSEK/ecrobot/../ecrobot/libecrobot.a(display.oram)
                0x00201bf0                display_string
 .text.display_hex
                0x00201c2c       0x50 ../../nxtOSEK/ecrobot/../ecrobot/libecrobot.a(display.oram)
                0x00201c2c                display_hex
 .text.display_unsigned_worker
                0x00201c7c       0x70 ../../nxtOSEK/ecrobot/../ecrobot/libecrobot.a(display.oram)
 .text.display_unsigned
                0x00201cec        0xc ../../nxtOSEK/ecrobot/../ecrobot/libecrobot.a(display.oram)
                0x00201cec                display_unsigned
 .text.display_bitmap_copy
                0x00201cf8       0x5c ../../nxtOSEK/ecrobot/../ecrobot/libecrobot.a(display.oram)
                0x00201cf8                display_bitmap_copy
 .text.display_init
                0x00201d54       0x50 ../../nxtOSEK/ecrobot/../ecrobot/libecrobot.a(display.oram)
                0x00201d54                display_init
 .text.i2c_timer_isr_C
                0x00201da4      0x314 ../../nxtOSEK/ecrobot/../ecrobot/libecrobot.a(i2c.oram)
                0x00201da4                i2c_timer_isr_C
 .text.i2c_disable
                0x002020b8       0x20 ../../nxtOSEK/ecrobot/../ecrobot/libecrobot.a(i2c.oram)
                0x002020b8                i2c_disable
 .text.i2c_init
                0x002020d8       0xa4 ../../nxtOSEK/ecrobot/../ecrobot/libecrobot.a(i2c.oram)
                0x002020d8                i2c_init
 .text.sound_fill_sample_buffer
                0x0020217c       0xe4 ../../nxtOSEK/ecrobot/../ecrobot/libecrobot.a(sound.oram)
                0x0020217c                sound_fill_sample_buffer
 .text.sound_init
                0x00202260       0xa0 ../../nxtOSEK/ecrobot/../ecrobot/libecrobot.a(sound.oram)
                0x00202260                sound_init
 .text.sound_isr_C
                0x00202300      0x144 ../../nxtOSEK/ecrobot/../ecrobot/libecrobot.a(sound.oram)
                0x00202300                sound_isr_C
 .text.bt_init  0x00202444      0x1c0 ../../nxtOSEK/ecrobot/../ecrobot/libecrobot.a(bt.oram)
                0x00202444                bt_init
 .text.bt_send  0x00202604       0x5c ../../nxtOSEK/ecrobot/../ecrobot/libecrobot.a(bt.oram)
                0x00202604                bt_send
 .text.bt_write
                0x00202660       0x70 ../../nxtOSEK/ecrobot/../ecrobot/libecrobot.a(bt.oram)
                0x00202660                bt_write
 .text.bt_pending
                0x002026d0       0x50 ../../nxtOSEK/ecrobot/../ecrobot/libecrobot.a(bt.oram)
                0x002026d0                bt_pending
 .text.bt_clear_arm7_cmd
                0x00202720       0x10 ../../nxtOSEK/ecrobot/../ecrobot/libecrobot.a(bt.oram)
                0x00202720                bt_clear_arm7_cmd
 .text.bt_set_arm7_cmd
                0x00202730       0x10 ../../nxtOSEK/ecrobot/../ecrobot/libecrobot.a(bt.oram)
                0x00202730                bt_set_arm7_cmd
 .text.bt_receive
                0x00202740      0x160 ../../nxtOSEK/ecrobot/../ecrobot/libecrobot.a(bt.oram)
                0x00202740                bt_receive
 .text.bt_read  0x002028a0      0x140 ../../nxtOSEK/ecrobot/../ecrobot/libecrobot.a(bt.oram)
                0x002028a0                bt_read
 .text.bt_reset
                0x002029e0       0x84 ../../nxtOSEK/ecrobot/../ecrobot/libecrobot.a(bt.oram)
                0x002029e0                bt_reset
 .text.nxt_avr_power_down
                0x00202a64       0x10 ../../nxtOSEK/ecrobot/../ecrobot/libecrobot.a(nxt_avr.oram)
                0x00202a64                nxt_avr_power_down
 .text.nxt_avr_link_init
                0x00202a74       0x20 ../../nxtOSEK/ecrobot/../ecrobot/libecrobot.a(nxt_avr.oram)
                0x00202a74                nxt_avr_link_init
 .text.nxt_avr_init
                0x00202a94       0x6c ../../nxtOSEK/ecrobot/../ecrobot/libecrobot.a(nxt_avr.oram)
                0x00202a94                nxt_avr_init
 .text.nxt_avr_1kHz_update
                0x00202b00      0x1cc ../../nxtOSEK/ecrobot/../ecrobot/libecrobot.a(nxt_avr.oram)
                0x00202b00                nxt_avr_1kHz_update
 .text.buttons_get
                0x00202ccc        0xc ../../nxtOSEK/ecrobot/../ecrobot/libecrobot.a(nxt_avr.oram)
                0x00202ccc                buttons_get
 .text.battery_voltage
                0x00202cd8       0x28 ../../nxtOSEK/ecrobot/../ecrobot/libecrobot.a(nxt_avr.oram)
                0x00202cd8                battery_voltage
 .text.sensor_adc
                0x00202d00       0x20 ../../nxtOSEK/ecrobot/../ecrobot/libecrobot.a(nxt_avr.oram)
                0x00202d00                sensor_adc
 .text.nxt_avr_set_motor
                0x00202d20       0x34 ../../nxtOSEK/ecrobot/../ecrobot/libecrobot.a(nxt_avr.oram)
                0x00202d20                nxt_avr_set_motor
 .text.nxt_avr_set_input_power
                0x00202d54       0x3c ../../nxtOSEK/ecrobot/../ecrobot/libecrobot.a(nxt_avr.oram)
                0x00202d54                nxt_avr_set_input_power
 .text.unset_digi0
                0x00202d90       0x44 ../../nxtOSEK/ecrobot/../ecrobot/libecrobot.a(sensors.oram)
                0x00202d90                unset_digi0
 .text.unset_digi1
                0x00202dd4       0x44 ../../nxtOSEK/ecrobot/../ecrobot/libecrobot.a(sensors.oram)
                0x00202dd4                unset_digi1
 .text.init_sensors
                0x00202e18       0x4c ../../nxtOSEK/ecrobot/../ecrobot/libecrobot.a(sensors.oram)
                0x00202e18                init_sensors
 .text.set_digi0
                0x00202e64       0x44 ../../nxtOSEK/ecrobot/../ecrobot/libecrobot.a(sensors.oram)
                0x00202e64                set_digi0
 .text.nxt_lcd_command
                0x00202ea8       0x18 ../../nxtOSEK/ecrobot/../ecrobot/libecrobot.a(nxt_lcd.oram)
                0x00202ea8                nxt_lcd_command
 .text.nxt_lcd_set_col
                0x00202ec0       0x24 ../../nxtOSEK/ecrobot/../ecrobot/libecrobot.a(nxt_lcd.oram)
                0x00202ec0                nxt_lcd_set_col
 .text.nxt_lcd_set_multiplex_rate
                0x00202ee4       0x18 ../../nxtOSEK/ecrobot/../ecrobot/libecrobot.a(nxt_lcd.oram)
                0x00202ee4                nxt_lcd_set_multiplex_rate
 .text.nxt_lcd_set_page_address
                0x00202efc       0x18 ../../nxtOSEK/ecrobot/../ecrobot/libecrobot.a(nxt_lcd.oram)
                0x00202efc                nxt_lcd_set_page_address
 .text.nxt_lcd_set_pot
                0x00202f14       0x1c ../../nxtOSEK/ecrobot/../ecrobot/libecrobot.a(nxt_lcd.oram)
                0x00202f14                nxt_lcd_set_pot
 .text.nxt_lcd_set_ram_address_control
                0x00202f30       0x18 ../../nxtOSEK/ecrobot/../ecrobot/libecrobot.a(nxt_lcd.oram)
                0x00202f30                nxt_lcd_set_ram_address_control
 .text.nxt_lcd_enable
                0x00202f48       0x14 ../../nxtOSEK/ecrobot/../ecrobot/libecrobot.a(nxt_lcd.oram)
                0x00202f48                nxt_lcd_enable
 .text.nxt_lcd_set_map_control
                0x00202f5c       0x18 ../../nxtOSEK/ecrobot/../ecrobot/libecrobot.a(nxt_lcd.oram)
                0x00202f5c                nxt_lcd_set_map_control
 .text.nxt_lcd_reset
                0x00202f74        0xc ../../nxtOSEK/ecrobot/../ecrobot/libecrobot.a(nxt_lcd.oram)
                0x00202f74                nxt_lcd_reset
 .text.nxt_lcd_set_bias_ratio
                0x00202f80       0x18 ../../nxtOSEK/ecrobot/../ecrobot/libecrobot.a(nxt_lcd.oram)
                0x00202f80                nxt_lcd_set_bias_ratio
 .text.nxt_lcd_force_update
                0x00202f98       0x30 ../../nxtOSEK/ecrobot/../ecrobot/libecrobot.a(nxt_lcd.oram)
                0x00202f98                nxt_lcd_force_update
 .text.nxt_lcd_update
                0x00202fc8        0xc ../../nxtOSEK/ecrobot/../ecrobot/libecrobot.a(nxt_lcd.oram)
                0x00202fc8                nxt_lcd_update
 .text.nxt_lcd_power_up
                0x00202fd4       0x48 ../../nxtOSEK/ecrobot/../ecrobot/libecrobot.a(nxt_lcd.oram)
                0x00202fd4                nxt_lcd_power_up
 .text.nxt_lcd_power_down
                0x0020301c        0xc ../../nxtOSEK/ecrobot/../ecrobot/libecrobot.a(nxt_lcd.oram)
                0x0020301c                nxt_lcd_power_down
 .text.nxt_lcd_init
                0x00203028       0x18 ../../nxtOSEK/ecrobot/../ecrobot/libecrobot.a(nxt_lcd.oram)
                0x00203028                nxt_lcd_init
 .text.verify_flash_page
                0x00203040       0x34 ../../nxtOSEK/ecrobot/../ecrobot/libecrobot.a(flash_loader.oram)
 .text.set_flash_request
                0x00203074       0x38 ../../nxtOSEK/ecrobot/../ecrobot/libecrobot.a(flash_loader.oram)
                0x00203074                set_flash_request
 .text.nxt_device_init
                0x002030ac       0x38 ../../nxtOSEK/ecrobot/../ecrobot/libecrobot.a(flash_loader.oram)
                0x002030ac                nxt_device_init
 .text          0x002030e4       0x68 ../../nxtOSEK/ecrobot/../ecrobot/libecrobot.a(interrupts.oram)
                0x0020313c                fiq_enable
                0x002030e4                interrupts_get_and_disable
                0x00203118                fiq_get_and_disable
                0x00203108                interrupts_enable
 .text.flash_write_page
                0x0020314c       0xc0 ../../nxtOSEK/ecrobot/../ecrobot/libecrobot.a(flashprog.oram)
                0x0020314c                flash_write_page
                0x00203210                . = ALIGN (0x10)
 *fill*         0x0020320c        0x4 00
 *.oram(*.rodata *.rodata.*)
 .rodata.ld     0x00203210        0x4 ../../nxtOSEK/ecrobot/../ecrobot/libecrobot.a(udp.oram)
 .rodata.cfd    0x00203214       0x20 ../../nxtOSEK/ecrobot/../ecrobot/libecrobot.a(udp.oram)
 .rodata.dd     0x00203234       0x12 ../../nxtOSEK/ecrobot/../ecrobot/libecrobot.a(udp.oram)
 *fill*         0x00203246        0x2 00
 .rodata.str1.4
                0x00203248       0x22 ../../nxtOSEK/ecrobot/../ecrobot/libecrobot.a(data_abort.oram)
                                 0x24 (size before relaxing)
 .rodata.font   0x0020326a      0x280 ../../nxtOSEK/ecrobot/../ecrobot/libecrobot.a(display.oram)
 *fill*         0x002034ea        0x2 00
 .rodata.str1.4
                0x002034ec       0x76 ../../nxtOSEK/ecrobot/../ecrobot/libecrobot.a(display.oram)
                                 0x78 (size before relaxing)
 *fill*         0x00203562        0x2 00
 .rodata.i2c_pin
                0x00203564       0x20 ../../nxtOSEK/ecrobot/../ecrobot/libecrobot.a(i2c.oram)
 .rodata.i2c_timer_isr_C
                0x00203584       0x38 ../../nxtOSEK/ecrobot/../ecrobot/libecrobot.a(i2c.oram)
 .rodata.silence
                0x002035bc       0x40 ../../nxtOSEK/ecrobot/../ecrobot/libecrobot.a(sound.oram)
                0x002035bc                silence
 .rodata.sample_pattern
                0x002035fc       0x84 ../../nxtOSEK/ecrobot/../ecrobot/libecrobot.a(sound.oram)
                0x002035fc                sample_pattern
 .rodata        0x00203680        0xc ../../nxtOSEK/ecrobot/../ecrobot/libecrobot.a(sound.oram)
 .rodata.avr_brainwash_string
                0x0020368c       0x30 ../../nxtOSEK/ecrobot/../ecrobot/libecrobot.a(nxt_avr.oram)
                0x0020368c                avr_brainwash_string
 .rodata.nxt_avr_1kHz_update
                0x002036bc       0x14 ../../nxtOSEK/ecrobot/../ecrobot/libecrobot.a(nxt_avr.oram)
 .rodata.C.33.1823
                0x002036d0       0x10 ../../nxtOSEK/ecrobot/../ecrobot/libecrobot.a(sensors.oram)
 .rodata.C.37.1857
                0x002036e0       0x10 ../../nxtOSEK/ecrobot/../ecrobot/libecrobot.a(sensors.oram)
 .rodata.C.31.1806
                0x002036f0       0x10 ../../nxtOSEK/ecrobot/../ecrobot/libecrobot.a(sensors.oram)
 .rodata.str1.4
                0x00203700       0x23 ../../nxtOSEK/ecrobot/../ecrobot/libecrobot.a(flash_loader.oram)
                                 0x24 (size before relaxing)
                0x00203730                . = ALIGN (0x10)
 *fill*         0x00203723        0xd 00
                0x00200300                __ramtext_ram_start__ = ADDR (.ram_text)
                0x00203730                __ramtext_ram_end__ = (ADDR (.ram_text) + SIZEOF (.ram_text))
                0x00200300                __ramtext_load_start__ = LOADADDR (.ram_text)
                0x00203730                __ramtext_load_end__ = (__ramtext_load_start__ + SIZEOF (.ram_text))

.wav_data       0x00203730        0x0
 *.owav(*.data *.data.*)
                0x00203730                . = ALIGN (0x10)

.bmp_data       0x00203730      0x440
 *.obmp(*.data *.data.*)
 .data          0x00203730      0x43e ../../nxtOSEK/ecrobot/../ecrobot/libecrobot.a(nxtosek_splash.obmp)
                0x00203730                nxtosek_splash_bmp_start
                0x00203b6e                nxtosek_splash_bmp_end
                0x00203b70                . = ALIGN (0x10)
 *fill*         0x00203b6e        0x2 00

.spr_data       0x00203b70        0x0
 *.ospr(*.data *.data.*)
                0x00203b70                . = ALIGN (0x10)

.data           0x00203b70       0x80
 *(*.data *.data.*)
 .data.bt_status
                0x00203b70        0x1 build/ecrobot_bluetooth.o
 *fill*         0x00203b71        0x3 00
 .data.K_THETADOT
                0x00203b74        0x4 build/balancer_param.o
                0x00203b74                K_THETADOT
 .data.K_PHIDOT
                0x00203b78        0x4 build/balancer_param.o
                0x00203b78                K_PHIDOT
 .data.K_I      0x00203b7c        0x4 build/balancer_param.o
                0x00203b7c                K_I
 .data.K_F      0x00203b80       0x10 build/balancer_param.o
                0x00203b80                K_F
 .data.A_R      0x00203b90        0x4 build/balancer_param.o
                0x00203b90                A_R
 .data.A_D      0x00203b94        0x4 build/balancer_param.o
                0x00203b94                A_D
 .data.deviceStatus
                0x00203b98        0x1 ../../nxtOSEK/ecrobot/../ecrobot/libecrobot.a(ecrobot_interface.o)
 .data.named    0x00203b99       0x22 ../../nxtOSEK/ecrobot/../ecrobot/libecrobot.a(udp.oram)
 .data.snd      0x00203bbb       0x1a ../../nxtOSEK/ecrobot/../ecrobot/libecrobot.a(udp.oram)
 *fill*         0x00203bd5        0x3 00
 .data.configured
                0x00203bd8        0x4 ../../nxtOSEK/ecrobot/../ecrobot/libecrobot.a(udp.oram)
 .data.mode     0x00203bdc        0x1 ../../nxtOSEK/ecrobot/../ecrobot/libecrobot.a(nxt_spi.oram)
                0x00203bdc                mode
 *fill*         0x00203bdd        0x3 00
 .bss.data      0x00203be0        0x4 ../../nxtOSEK/ecrobot/../ecrobot/libecrobot.a(nxt_spi.oram)
                0x00203be0                data
 .data.display_auto_update
                0x00203be4        0x4 ../../nxtOSEK/ecrobot/../ecrobot/libecrobot.a(display.oram)
                0x00203be4                display_auto_update
 .data.display_buffer
                0x00203be8        0x4 ../../nxtOSEK/ecrobot/../ecrobot/libecrobot.a(display.oram)
                0x00203bf0                . = ALIGN (0x10)
 *fill*         0x00203bec        0x4 00
                0x00203b70                __data_ram_start__ = ADDR (.data)
                0x00203bf0                __data_ram_end__ = (ADDR (.data) + SIZEOF (.data))
                0x00203b70                __data_load_start__ = LOADADDR (.data)
                0x00203bf0                __data_load_end__ = (__data_load_start__ + SIZEOF (.data))

.text           0x00203bf0     0x29e0
                0x00203bf0                . = ALIGN (0x10)
 *(*.text *.text.* *.glue*)
 .text.StartOS  0x00203bf0       0x58 build/kernel/osctl.o
                0x00203bf0                StartOS
 .text.call_pretaskhook
                0x00203c48       0x24 build/kernel/osctl.o
                0x00203c48                call_pretaskhook
 .text.call_posttaskhook
                0x00203c6c       0x24 build/kernel/osctl.o
                0x00203c6c                call_posttaskhook
 .text.make_runnable
                0x00203c90       0xac build/kernel/task.o
                0x00203c90                make_runnable
 .text.make_active
                0x00203d3c       0x78 build/kernel/task.o
                0x00203d3c                make_active
 .text.task_initialize
                0x00203db4       0x90 build/kernel/task.o
                0x00203db4                task_initialize
 .text.cpu_initialize
                0x00203e44        0x4 build/config/at91sam7s-gnu/cpu_config.o
                0x00203e44                cpu_initialize
 .text.sys_initialize
                0x00203e48        0x4 build/config/at91sam7s-gnu/lego_nxt/sys_config.o
                0x00203e48                sys_initialize
 .text.object_initialize
                0x00203e4c        0xc build/./kernel_cfg.o
                0x00203e4c                object_initialize
 .text.close_bt_stream
                0x00203e58       0x2c build/ecrobot_bluetooth.o
 .text.ecrobot_send_bt
                0x00203e84       0x40 build/ecrobot_bluetooth.o
                0x00203e84                ecrobot_send_bt
 .text.ecrobot_read_bt
                0x00203ec4       0x24 build/ecrobot_bluetooth.o
                0x00203ec4                ecrobot_read_bt
 .text.send_bt_command
                0x00203ee8       0x40 build/ecrobot_bluetooth.o
 .text.ecrobot_term_bt_connection
                0x00203f28       0x48 build/ecrobot_bluetooth.o
                0x00203f28                ecrobot_term_bt_connection
 .text.read_bt_command
                0x00203f70       0x5c build/ecrobot_bluetooth.o
 .text.open_bt_stream
                0x00203fcc       0x50 build/ecrobot_bluetooth.o
 .text.ecrobot_get_bt_device_address
                0x0020401c       0x6c build/ecrobot_bluetooth.o
                0x0020401c                ecrobot_get_bt_device_address
 .text.ecrobot_init_bt_slave
                0x00204088      0x12c build/ecrobot_bluetooth.o
                0x00204088                ecrobot_init_bt_slave
 .text.init_OS_flag
                0x002041b4        0xc build/ecrobot_base.o
                0x002041b4                init_OS_flag
 .text.set_OS_flag
                0x002041c0        0xc build/ecrobot_base.o
                0x002041c0                set_OS_flag
 .text.get_OS_flag
                0x002041cc        0xc build/ecrobot_base.o
                0x002041cc                get_OS_flag
 .text.cpp_constructor
                0x002041d8       0x28 build/ecrobot_base.o
                0x002041d8                cpp_constructor
 .text.cpp_destructor
                0x00204200       0x28 build/ecrobot_base.o
                0x00204200                cpp_destructor
 .text.execution_mode
                0x00204228       0x24 build/ecrobot_base.o
                0x00204228                execution_mode
 .text.show_main_screen
                0x0020424c       0x48 build/ecrobot_base.o
                0x0020424c                show_main_screen
 .text.display_status_bar
                0x00204294       0x5c build/ecrobot_base.o
                0x00204294                display_status_bar
 .text.restart_NXT
                0x002042f0       0x2c build/ecrobot_base.o
                0x002042f0                restart_NXT
 .text.shutdown_NXT
                0x0020431c       0x2c build/ecrobot_base.o
                0x0020431c                shutdown_NXT
 .text.check_NXT_buttons
                0x00204348       0x38 build/ecrobot_base.o
                0x00204348                check_NXT_buttons
 .text.show_bd_addr
                0x00204380       0x44 build/ecrobot_base.o
                0x00204380                show_bd_addr
 .text.show_bd_addr_err
                0x002043c4       0x3c build/ecrobot_base.o
                0x002043c4                show_bd_addr_err
 .text.add_status_info
                0x00204400       0x68 build/ecrobot_base.o
                0x00204400                add_status_info
 .text.show_splash_screen
                0x00204468       0x90 build/ecrobot_base.o
                0x00204468                show_splash_screen
 .text.main     0x002044f8      0x10c build/ecrobot.o
                0x002044f8                main
 .text.LineTracer_init
                0x00204604        0x4 build/LineTracer.o
                0x00204604                LineTracer_init
 .text.LineTracer_trace
                0x00204608       0x18 build/LineTracer.o
                0x00204608                LineTracer_trace
 .text.ColorJudgement_init
                0x00204620        0x8 build/ColorJudgement.o
                0x00204620                ColorJudgement_init
 .text.ColorJudgement_calibration
                0x00204628       0x14 build/ColorJudgement.o
                0x00204628                ColorJudgement_calibration
 .text.ColorJudgement_caluculateDirection
                0x0020463c       0x28 build/ColorJudgement.o
                0x0020463c                ColorJudgement_caluculateDirection
 .text.BalanceRunner_init
                0x00204664       0x10 build/BalanceRunner.o
                0x00204664                BalanceRunner_init
 .text.BalanceRunner_run
                0x00204674       0xec build/BalanceRunner.o
                0x00204674                BalanceRunner_run
 .text.GyroSensor_init
                0x00204760        0xc build/GyroSensor.o
                0x00204760                GyroSensor_init
 .text.GyroSensor_getAngularVelocity
                0x0020476c        0xc build/GyroSensor.o
                0x0020476c                GyroSensor_getAngularVelocity
 .text.LightSensor_init
                0x00204778        0x4 build/LightSensor.o
                0x00204778                LightSensor_init
 .text.LightSensor_getBrightness
                0x0020477c        0xc build/LightSensor.o
                0x0020477c                LightSensor_getBrightness
 .text.Motor_init
                0x00204788        0x4 build/Motor.o
                0x00204788                Motor_init
 .text.Motor_getAngle
                0x0020478c        0xc build/Motor.o
                0x0020478c                Motor_getAngle
 .text.Motor_rotate
                0x00204798       0x10 build/Motor.o
                0x00204798                Motor_rotate
 .text.ecrobot_device_initialize
                0x002047a8       0x18 build/model_impl.o
                0x002047a8                ecrobot_device_initialize
 .text.ecrobot_device_terminate
                0x002047c0       0x10 build/model_impl.o
                0x002047c0                ecrobot_device_terminate
 .text.user_1ms_isr_type2
                0x002047d0        0x4 build/model_impl.o
                0x002047d0                user_1ms_isr_type2
 .text.TaskMainTaskMain
                0x002047d4       0xf0 build/model_impl.o
                0x002047d4                TaskMainTaskMain
 .text.UI_init  0x002048c4        0x4 build/UI.o
                0x002048c4                UI_init
 .text.UI_calibration
                0x002048c8       0x30 build/UI.o
                0x002048c8                UI_calibration
 .text.UI_waitStart
                0x002048f8       0x34 build/UI.o
                0x002048f8                UI_waitStart
 .text.TouchSensor_init
                0x0020492c        0x4 build/TouchSensor.o
                0x0020492c                TouchSensor_init
 .text.TouchSensor_isPressed
                0x00204930        0xc build/TouchSensor.o
                0x00204930                TouchSensor_isPressed
 .text.Tail_init
                0x0020493c        0x4 build/Tail.o
                0x0020493c                Tail_init
 .text.Tail_control
                0x00204940       0x64 build/Tail.o
                0x00204940                Tail_control
 .text.PID_init
                0x002049a4       0x10 build/PID.o
                0x002049a4                PID_init
 .text.PID_calculation
                0x002049b4      0x144 build/PID.o
                0x002049b4                PID_calculation
 .text.BlueTooth_init
                0x00204af8        0x4 build/BlueTooth.o
                0x00204af8                BlueTooth_init
 .text.BlueTooth_isReceived
                0x00204afc       0x4c build/BlueTooth.o
                0x00204afc                BlueTooth_isReceived
 .text.ecrobot_get_gyro_sensor
                0x00204b48       0x14 ../../nxtOSEK/ecrobot/../ecrobot/libecrobot.a(ecrobot_HiTechnic.o)
                0x00204b48                ecrobot_get_gyro_sensor
 .text.ecrobot_set_light_sensor_active
                0x00204b5c       0x10 ../../nxtOSEK/ecrobot/../ecrobot/libecrobot.a(ecrobot_interface.o)
                0x00204b5c                ecrobot_set_light_sensor_active
 .text.ecrobot_set_light_sensor_inactive
                0x00204b6c       0x10 ../../nxtOSEK/ecrobot/../ecrobot/libecrobot.a(ecrobot_interface.o)
                0x00204b6c                ecrobot_set_light_sensor_inactive
 .text.ecrobot_get_light_sensor
                0x00204b7c       0x14 ../../nxtOSEK/ecrobot/../ecrobot/libecrobot.a(ecrobot_interface.o)
                0x00204b7c                ecrobot_get_light_sensor
 .text.ecrobot_get_touch_sensor
                0x00204b90       0x20 ../../nxtOSEK/ecrobot/../ecrobot/libecrobot.a(ecrobot_interface.o)
                0x00204b90                ecrobot_get_touch_sensor
 .text.ecrobot_get_battery_voltage
                0x00204bb0        0xc ../../nxtOSEK/ecrobot/../ecrobot/libecrobot.a(ecrobot_interface.o)
                0x00204bb0                ecrobot_get_battery_voltage
 .text.ecrobot_get_button_state
                0x00204bbc        0xc ../../nxtOSEK/ecrobot/../ecrobot/libecrobot.a(ecrobot_interface.o)
                0x00204bbc                ecrobot_get_button_state
 .text.ecrobot_init_nxtstate
                0x00204bc8       0x28 ../../nxtOSEK/ecrobot/../ecrobot/libecrobot.a(ecrobot_interface.o)
                0x00204bc8                ecrobot_init_nxtstate
 .text.ecrobot_poll_nxtstate
                0x00204bf0       0x64 ../../nxtOSEK/ecrobot/../ecrobot/libecrobot.a(ecrobot_interface.o)
                0x00204bf0                ecrobot_poll_nxtstate
 .text.ecrobot_setDeviceInitialized
                0x00204c54       0x18 ../../nxtOSEK/ecrobot/../ecrobot/libecrobot.a(ecrobot_interface.o)
                0x00204c54                ecrobot_setDeviceInitialized
 .text.ecrobot_initDeviceStatus
                0x00204c6c        0xc ../../nxtOSEK/ecrobot/../ecrobot/libecrobot.a(ecrobot_interface.o)
                0x00204c6c                ecrobot_initDeviceStatus
 .text.ecrobot_bmp2lcd
                0x00204c78      0x1c8 ../../nxtOSEK/ecrobot/../ecrobot/libecrobot.a(ecrobot_interface.o)
                0x00204c78                ecrobot_bmp2lcd
 .text.StartupHook
                0x00204e40        0x4 ../../nxtOSEK/ecrobot/../ecrobot/libecrobot.a(osek_hook.o)
                0x00204e40                StartupHook
 .text.PreTaskHook
                0x00204e44        0x4 ../../nxtOSEK/ecrobot/../ecrobot/libecrobot.a(osek_hook.o)
                0x00204e44                PreTaskHook
 .text.PostTaskHook
                0x00204e48        0x4 ../../nxtOSEK/ecrobot/../ecrobot/libecrobot.a(osek_hook.o)
                0x00204e48                PostTaskHook
 .text.balance_control
                0x00204e4c      0x254 ../../nxtOSEK/ecrobot/../ecrobot/libnxtway_gs_balancer.a(balancer.o)
                0x00204e4c                balance_control
 .text.balance_init
                0x002050a0       0x30 ../../nxtOSEK/ecrobot/../ecrobot/libnxtway_gs_balancer.a(balancer.o)
                0x002050a0                balance_init
 .text          0x002050d0       0x8c /cygdrive/C/cygwin/GNUARM/bin/../lib/gcc/arm-elf/4.0.2/thumb/interwork/libgcc.a(_udivsi3.o)
                0x002050d0                __udivsi3
                0x0020514c                __aeabi_uidivmod
 .text          0x0020515c       0xc8 /cygdrive/C/cygwin/GNUARM/bin/../lib/gcc/arm-elf/4.0.2/thumb/interwork/libgcc.a(_umodsi3.o)
                0x0020515c                __umodsi3
 .text          0x00205224        0x4 /cygdrive/C/cygwin/GNUARM/bin/../lib/gcc/arm-elf/4.0.2/thumb/interwork/libgcc.a(_dvmd_tls.o)
                0x00205224                __aeabi_ldiv0
                0x00205224                __div0
                0x00205224                __aeabi_idiv0
 .text          0x00205228      0x430 /cygdrive/C/cygwin/GNUARM/bin/../lib/gcc/arm-elf/4.0.2/thumb/interwork/libgcc.a(_addsubdf3.o)
                0x002055ec                __floatdidf
                0x0020556c                __floatsidf
                0x00205544                __aeabi_ui2d
                0x00205228                __aeabi_drsub
                0x00205598                __extendsfdf2
                0x00205234                __adddf3
                0x00205544                __floatunsidf
                0x00205234                __aeabi_dadd
                0x002055d8                __aeabi_ul2d
                0x00205230                __aeabi_dsub
                0x002055d8                __floatundidf
                0x0020556c                __aeabi_i2d
                0x002055ec                __aeabi_l2d
                0x00205598                __aeabi_f2d
                0x00205230                __subdf3
 .text          0x00205658      0x49c /cygdrive/C/cygwin/GNUARM/bin/../lib/gcc/arm-elf/4.0.2/thumb/interwork/libgcc.a(_muldivdf3.o)
                0x002058e8                __aeabi_ddiv
                0x00205658                __aeabi_dmul
                0x002058e8                __divdf3
                0x00205658                __muldf3
 .text          0x00205af4       0xa0 /cygdrive/C/cygwin/GNUARM/bin/../lib/gcc/arm-elf/4.0.2/thumb/interwork/libgcc.a(_truncdfsf2.o)
                0x00205af4                __aeabi_d2f
                0x00205af4                __truncdfsf2
 .text          0x00205b94      0x2ac /cygdrive/C/cygwin/GNUARM/bin/../lib/gcc/arm-elf/4.0.2/thumb/interwork/libgcc.a(_addsubsf3.o)
                0x00205ba0                __aeabi_fadd
                0x00205b9c                __subsf3
                0x00205d64                __aeabi_i2f
                0x00205b9c                __aeabi_fsub
                0x00205d94                __floatdisf
                0x00205d64                __floatsisf
                0x00205d84                __floatundisf
                0x00205d5c                __aeabi_ui2f
                0x00205d94                __aeabi_l2f
                0x00205d84                __aeabi_ul2f
                0x00205b94                __aeabi_frsub
                0x00205d5c                __floatunsisf
                0x00205ba0                __addsf3
 .text          0x00205e40      0x2f8 /cygdrive/C/cygwin/GNUARM/bin/../lib/gcc/arm-elf/4.0.2/thumb/interwork/libgcc.a(_muldivsf3.o)
                0x00205fd8                __divsf3
                0x00205fd8                __aeabi_fdiv
                0x00205e40                __mulsf3
                0x00205e40                __aeabi_fmul
 .text          0x00206138      0x110 /cygdrive/C/cygwin/GNUARM/bin/../lib/gcc/arm-elf/4.0.2/thumb/interwork/libgcc.a(_cmpsf2.o)
                0x00206230                __aeabi_fcmpgt
                0x00206140                __lesf2
                0x00206148                __nesf2
                0x00206218                __aeabi_fcmpge
                0x00206138                __gtsf2
                0x00206200                __aeabi_fcmple
                0x00206148                __eqsf2
                0x00206148                __cmpsf2
                0x00206140                __ltsf2
                0x002061b8                __aeabi_cfcmple
                0x00206138                __gesf2
                0x002061d0                __aeabi_fcmpeq
                0x002061a8                __aeabi_cfrcmple
                0x002061e8                __aeabi_fcmplt
                0x002061b8                __aeabi_cfcmpeq
 .text          0x00206248       0x5c /cygdrive/C/cygwin/GNUARM/bin/../lib/gcc/arm-elf/4.0.2/thumb/interwork/libgcc.a(_fixsfsi.o)
                0x00206248                __fixsfsi
                0x00206248                __aeabi_f2iz
 .text          0x002062a4       0x68 /cygdrive/C/cygwin/GNUARM/bin/../lib/gcc/arm-elf/4.0.2/../../../../arm-elf/lib/thumb/interwork/libc.a(memcpy.o)
                0x002062a4                memcpy
 .text          0x0020630c       0x68 /cygdrive/C/cygwin/GNUARM/bin/../lib/gcc/arm-elf/4.0.2/../../../../arm-elf/lib/thumb/interwork/libc.a(memset.o)
                0x0020630c                memset
 .text          0x00206374       0x60 /cygdrive/C/cygwin/GNUARM/bin/../lib/gcc/arm-elf/4.0.2/../../../../arm-elf/lib/thumb/interwork/libc.a(strcpy.o)
                0x00206374                strcpy
 .text          0x002063d4       0x48 /cygdrive/C/cygwin/GNUARM/bin/../lib/gcc/arm-elf/4.0.2/../../../../arm-elf/lib/thumb/interwork/libc.a(strlen.o)
                0x002063d4                strlen
 .glue_7        0x0020641c       0x30 /cygdrive/C/cygwin/GNUARM/bin/../lib/gcc/arm-elf/4.0.2/../../../../arm-elf/lib/thumb/interwork/libc.a(strncpy.o)
                0x00206434                __call_posttaskhook_from_arm
                0x0020641d                __ecrobot_debug1_from_arm
                0x00206429                __ecrobot_debug2_from_arm
                0x00206440                __call_pretaskhook_from_arm
 .glue_7t       0x0020644c       0xd0 /cygdrive/C/cygwin/GNUARM/bin/../lib/gcc/arm-elf/4.0.2/../../../../arm-elf/lib/thumb/interwork/libc.a(strncpy.o)
                0x00206478                __start_change_to_arm
                0x002064ec                __interrupts_get_and_disable_from_thumb
                0x00206514                ____lesf2_from_thumb
                0x002064e5                ____gtdf2_from_thumb
                0x0020646d                __exit_and_dispatch_from_thumb
                0x00206504                ____divsf3_from_thumb
                0x00206510                ____gesf2_change_to_arm
                0x00206480                ____fixsfsi_change_to_arm
                0x00206490                ____addsf3_change_to_arm
                0x0020647c                ____fixsfsi_from_thumb
                0x00206484                ____floatsisf_from_thumb
                0x002064b4                ____extendsfdf2_from_thumb
                0x00206470                __exit_and_dispatch_change_to_arm
                0x0020644c                __disable_int_from_thumb
                0x0020650c                ____gesf2_from_thumb
                0x00206464                __start_dispatch_from_thumb
                0x002064ac                ____ltsf2_from_thumb
                0x002064e0                ____divdf3_change_to_arm
                0x00206518                ____lesf2_change_to_arm
                0x00206474                __start_from_thumb
                0x002064d4                ____truncdfsf2_from_thumb
                0x002064c8                ____muldf3_change_to_arm
                0x00206508                ____divsf3_change_to_arm
                0x002064dc                ____divdf3_from_thumb
                0x00206454                __enable_int_from_thumb
                0x0020645d                __dispatch_from_thumb
                0x002064f8                __interrupts_enable_change_to_arm
                0x002064a4                ____gtsf2_from_thumb
                0x002064f0                __interrupts_get_and_disable_change_to_arm
                0x00206460                __dispatch_change_to_arm
                0x002064a0                ____mulsf3_change_to_arm
                0x002064d0                ____adddf3_change_to_arm
                0x002064e8                ____gtdf2_change_to_arm
                0x002064d8                ____truncdfsf2_change_to_arm
                0x002064b8                ____extendsfdf2_change_to_arm
                0x002064bc                ____floatsidf_from_thumb
                0x00206488                ____floatsisf_change_to_arm
                0x002064fd                __display_bios_status_from_thumb
                0x00206494                ____subsf3_from_thumb
                0x002064cc                ____adddf3_from_thumb
                0x002064a8                ____gtsf2_change_to_arm
                0x00206450                __disable_int_change_to_arm
                0x002064b0                ____ltsf2_change_to_arm
                0x0020649c                ____mulsf3_from_thumb
                0x0020648c                ____addsf3_from_thumb
                0x002064c4                ____muldf3_from_thumb
                0x00206498                ____subsf3_change_to_arm
                0x00206458                __enable_int_change_to_arm
                0x002064c0                ____floatsidf_change_to_arm
                0x002064f4                __interrupts_enable_from_thumb
                0x00206500                __display_bios_status_change_to_arm
                0x00206468                __start_dispatch_change_to_arm
                0x00206520                . = ALIGN (0x10)
 *fill*         0x0020651c        0x4 00
 *(*.rodata *.rodata.*)
 .rodata.tinib_stksz
                0x00206520        0x2 build/./kernel_cfg.o
                0x00206520                tinib_stksz
 *fill*         0x00206522        0x2 00
 .rodata.tinib_stk
                0x00206524        0x4 build/./kernel_cfg.o
                0x00206524                tinib_stk
 .rodata.tinib_task
                0x00206528        0x4 build/./kernel_cfg.o
                0x00206528                tinib_task
 .rodata.tinib_autoact
                0x0020652c        0x1 build/./kernel_cfg.o
                0x0020652c                tinib_autoact
 .rodata.tinib_exepri
                0x0020652d        0x1 build/./kernel_cfg.o
                0x0020652d                tinib_exepri
 .rodata.tinib_inipri
                0x0020652e        0x1 build/./kernel_cfg.o
                0x0020652e                tinib_inipri
 .rodata.tnum_exttask
                0x0020652f        0x1 build/./kernel_cfg.o
                0x0020652f                tnum_exttask
 .rodata.tnum_task
                0x00206530        0x1 build/./kernel_cfg.o
                0x00206530                tnum_task
 *fill*         0x00206531        0x3 00
 .rodata.exec_addr
                0x00206534        0x4 build/ecrobot_base.o
                0x00206534                exec_addr
 .rodata.str1.4
                0x00206538       0x80 build/ecrobot_base.o
 .rodata.BATTERY_OFFSET
                0x002065b8        0x4 build/balancer_param.o
                0x002065b8                BATTERY_OFFSET
 .rodata.BATTERY_GAIN
                0x002065bc        0x4 build/balancer_param.o
                0x002065bc                BATTERY_GAIN
 .rodata.str1.4
                0x002065c0        0x7 build/model_impl.o
                                  0x8 (size before relaxing)
                0x002065d0                . = ALIGN (0x10)
 *fill*         0x002065c7        0x9 00
 *(*.gnu.linkonce.* .gcc_except_table)
                0x002065d0                . = ALIGN (0x10)

.tors           0x002065d0        0x0
                0x002065d0                . = ALIGN (0x10)
                0x002065d0                __ctor_begin = .
 *(*.ctors*)
                0x002065d0                __ctor_end = .
                0x002065d0                . = ALIGN (0x10)
                0x002065d0                __dtor_begin = .
 *(*.dtors*)
                0x002065d0                __dtor_end = .
                0x002065d0                . = ALIGN (0x10)

.bss            0x002065d0     0x1428
 *(*.bss *.bss.*)
 .bss.ready_primap
                0x002065d0        0x2 build/kernel/task.o
 .bss.ready_queue_last
                0x002065d2       0x10 build/kernel/task.o
 .bss.ready_queue_first
                0x002065e2       0x10 build/kernel/task.o
 *fill*         0x002065f2        0x2 00
 .bss._stack_TaskMain
                0x002065f4      0x200 build/./kernel_cfg.o
 .bss.receiveBuf
                0x002067f4       0x80 build/ecrobot_bluetooth.o
 .bss.sendBuf   0x00206874      0x100 build/ecrobot_bluetooth.o
 .bss.handle    0x00206974        0x1 build/ecrobot_bluetooth.o
 *fill*         0x00206975        0x3 00
 .bss.status_bar_position
                0x00206978        0x4 build/ecrobot_base.o
 .bss.last_act_time.2742
                0x0020697c        0x4 build/ecrobot_base.o
 .bss.lcd.2671  0x00206980      0x320 build/ecrobot_base.o
 .bss.OS_flag   0x00206ca0        0x4 build/ecrobot_base.o
 .bss.status_bar
                0x00206ca4       0x10 build/ecrobot_base.o
 .bss.val.2146  0x00206cb4        0x4 build/PID.o
 .bss.d.2145    0x00206cb8        0x4 build/PID.o
 .bss.i.2144    0x00206cbc        0x4 build/PID.o
 .bss.p.2143    0x00206cc0        0x4 build/PID.o
 .bss.buttons_i
                0x00206cc4        0x4 ../../nxtOSEK/ecrobot/../ecrobot/libecrobot.a(ecrobot_interface.o)
 .bss.buttons_states
                0x00206cc8       0x14 ../../nxtOSEK/ecrobot/../ecrobot/libecrobot.a(ecrobot_interface.o)
 .bss.ecrobot_inputs
                0x00206cdc        0x8 ../../nxtOSEK/ecrobot/../ecrobot/libecrobot.a(ecrobot_interface.o)
 .bss.systick_ms
                0x00206ce4        0x4 ../../nxtOSEK/ecrobot/../ecrobot/libecrobot.a(systick.oram)
 .bss.delayedEnable
                0x00206ce8        0x1 ../../nxtOSEK/ecrobot/../ecrobot/libecrobot.a(udp.oram)
 *fill*         0x00206ce9        0x3 00
 .bss.outCnt    0x00206cec        0x4 ../../nxtOSEK/ecrobot/../ecrobot/libecrobot.a(udp.oram)
 .bss.outPtr    0x00206cf0        0x4 ../../nxtOSEK/ecrobot/../ecrobot/libecrobot.a(udp.oram)
 .bss.newAddress
                0x00206cf4        0x4 ../../nxtOSEK/ecrobot/../ecrobot/libecrobot.a(udp.oram)
 .bss.currentRxBank
                0x00206cf8        0x4 ../../nxtOSEK/ecrobot/../ecrobot/libecrobot.a(udp.oram)
 .bss.currentFeatures
                0x00206cfc        0x4 ../../nxtOSEK/ecrobot/../ecrobot/libecrobot.a(udp.oram)
 .bss.currentConfig
                0x00206d00        0x1 ../../nxtOSEK/ecrobot/../ecrobot/libecrobot.a(udp.oram)
 *fill*         0x00206d01        0x3 00
 .bss.twi_mask  0x00206d04        0x4 ../../nxtOSEK/ecrobot/../ecrobot/libecrobot.a(twi.oram)
 .bss.twi_ptr   0x00206d08        0x4 ../../nxtOSEK/ecrobot/../ecrobot/libecrobot.a(twi.oram)
 .bss.twi_pending
                0x00206d0c        0x4 ../../nxtOSEK/ecrobot/../ecrobot/libecrobot.a(twi.oram)
 .bss.twi_state
                0x00206d10        0x4 ../../nxtOSEK/ecrobot/../ecrobot/libecrobot.a(twi.oram)
 .bss.page      0x00206d14        0x1 ../../nxtOSEK/ecrobot/../ecrobot/libecrobot.a(nxt_spi.oram)
                0x00206d14                page
 .bss.dirty     0x00206d15        0x1 ../../nxtOSEK/ecrobot/../ecrobot/libecrobot.a(nxt_spi.oram)
                0x00206d15                dirty
 *fill*         0x00206d16        0x2 00
 .bss.display   0x00206d18        0x4 ../../nxtOSEK/ecrobot/../ecrobot/libecrobot.a(nxt_spi.oram)
                0x00206d18                display
 .bss.interrupts_this_period
                0x00206d1c        0x4 ../../nxtOSEK/ecrobot/../ecrobot/libecrobot.a(nxt_motors.oram)
 .bss.nxt_motor_initialised
                0x00206d20        0x4 ../../nxtOSEK/ecrobot/../ecrobot/libecrobot.a(nxt_motors.oram)
 .bss.motor     0x00206d24       0x30 ../../nxtOSEK/ecrobot/../ecrobot/libecrobot.a(nxt_motors.oram)
 .bss.display_tick
                0x00206d54        0x4 ../../nxtOSEK/ecrobot/../ecrobot/libecrobot.a(display.oram)
                0x00206d54                display_tick
 .bss.display_array
                0x00206d58      0x388 ../../nxtOSEK/ecrobot/../ecrobot/libecrobot.a(display.oram)
 .bss.i2c_int_count
                0x002070e0        0x4 ../../nxtOSEK/ecrobot/../ecrobot/libecrobot.a(i2c.oram)
 .bss.i2c_port  0x002070e4      0x170 ../../nxtOSEK/ecrobot/../ecrobot/libecrobot.a(i2c.oram)
 .bss.sound_mode
                0x00207254        0x1 ../../nxtOSEK/ecrobot/../ecrobot/libecrobot.a(sound.oram)
                0x00207254                sound_mode
 *fill*         0x00207255        0x3 00
 .bss.in_buf_idx
                0x00207258        0x4 ../../nxtOSEK/ecrobot/../ecrobot/libecrobot.a(bt.oram)
 .bss.buf_ptr   0x0020725c        0x4 ../../nxtOSEK/ecrobot/../ecrobot/libecrobot.a(bt.oram)
 .bss.out_buf   0x00207260      0x200 ../../nxtOSEK/ecrobot/../ecrobot/libecrobot.a(bt.oram)
 .bss.out_buf_ptr
                0x00207460        0x1 ../../nxtOSEK/ecrobot/../ecrobot/libecrobot.a(bt.oram)
 .bss.in_buf_in_ptr
                0x00207461        0x1 ../../nxtOSEK/ecrobot/../ecrobot/libecrobot.a(bt.oram)
 .bss.in_buf    0x00207462      0x100 ../../nxtOSEK/ecrobot/../ecrobot/libecrobot.a(bt.oram)
 *fill*         0x00207562        0x2 00
 .bss.link_state
                0x00207564        0x4 ../../nxtOSEK/ecrobot/../ecrobot/libecrobot.a(nxt_avr.oram)
 .bss.update_count
                0x00207568        0x4 ../../nxtOSEK/ecrobot/../ecrobot/libecrobot.a(nxt_avr.oram)
 .bss.nxt_avr_stats
                0x0020756c       0x14 ../../nxtOSEK/ecrobot/../ecrobot/libecrobot.a(nxt_avr.oram)
 .bss.debounce_cnt
                0x00207580        0x2 ../../nxtOSEK/ecrobot/../ecrobot/libecrobot.a(nxt_avr.oram)
 .bss.debounce_state
                0x00207582        0x2 ../../nxtOSEK/ecrobot/../ecrobot/libecrobot.a(nxt_avr.oram)
 .bss.button_state
                0x00207584        0x2 ../../nxtOSEK/ecrobot/../ecrobot/libecrobot.a(nxt_avr.oram)
 .bss.prev_buttons
                0x00207586        0x2 ../../nxtOSEK/ecrobot/../ecrobot/libecrobot.a(nxt_avr.oram)
 .bss.from_buf  0x00207588        0x4 ../../nxtOSEK/ecrobot/../ecrobot/libecrobot.a(nxt_avr.oram)
 .bss.io_from_avr
                0x0020758c        0x4 ../../nxtOSEK/ecrobot/../ecrobot/libecrobot.a(nxt_avr.oram)
 .bss.data_from_avr
                0x00207590       0x1a ../../nxtOSEK/ecrobot/../ecrobot/libecrobot.a(nxt_avr.oram)
 .bss.data_to_avr
                0x002075aa        0x9 ../../nxtOSEK/ecrobot/../ecrobot/libecrobot.a(nxt_avr.oram)
 .bss.io_to_avr
                0x002075b3        0x8 ../../nxtOSEK/ecrobot/../ecrobot/libecrobot.a(nxt_avr.oram)
 *fill*         0x002075bb        0x1 00
 .bss.display   0x002075bc        0x4 ../../nxtOSEK/ecrobot/../ecrobot/libecrobot.a(nxt_lcd.oram)
 .bss.ud_thetadot_cmd_lpf
                0x002075c0        0x4 ../../nxtOSEK/ecrobot/../ecrobot/libnxtway_gs_balancer.a(balancer.o)
 .bss.ud_theta_ref
                0x002075c4        0x4 ../../nxtOSEK/ecrobot/../ecrobot/libnxtway_gs_balancer.a(balancer.o)
 .bss.ud_theta_lpf
                0x002075c8        0x4 ../../nxtOSEK/ecrobot/../ecrobot/libnxtway_gs_balancer.a(balancer.o)
 .bss.ud_psi    0x002075cc        0x4 ../../nxtOSEK/ecrobot/../ecrobot/libnxtway_gs_balancer.a(balancer.o)
 .bss.ud_err_theta
                0x002075d0        0x4 ../../nxtOSEK/ecrobot/../ecrobot/libnxtway_gs_balancer.a(balancer.o)
                0x002075e0                . = ALIGN (0x10)
 *fill*         0x002075d4        0xc 00
                0x002075e0                __bss_end__ = .
 COMMON         0x002075e0        0x2 build/kernel/interrupt.o
                0x002075e0                runisr
                0x002075e1                sus_all_cnt
 *fill*         0x002075e2        0x2 00
 COMMON         0x002075e4       0x10 build/kernel/osctl.o
                0x002075e4                callevel
                0x002075e5                _errorhook_svcid
                0x002075e6                appmode
                0x002075e8                _errorhook_par1
                0x002075ec                _errorhook_par3
                0x002075f0                _errorhook_par2
 COMMON         0x002075f4        0x3 build/kernel/task.o
                0x002075f4                runtsk
                0x002075f5                schedtsk
                0x002075f6                nextpri
 *fill*         0x002075f7        0x1 00
 COMMON         0x002075f8       0x2c build/./kernel_cfg.o
                0x002075f8                tcb_waievt
                0x002075fc                rescb_prevpri
                0x002075fd                almcb_prev
                0x002075fe                tcb_lastres
                0x00207600                almcb_almval
                0x00207604                tcxb_pc
                0x00207608                tcb_next
                0x00207609                tcb_curpri
                0x0020760a                tcb_tstat
                0x0020760b                isrcb_lastres
                0x0020760c                cntcb_almque
                0x0020760d                rescb_prevres
                0x0020760e                tcb_actcnt
                0x00207610                tcb_curevt
                0x00207614                almcb_cycle
                0x00207618                tcxb_sp
                0x0020761c                almcb_next
                0x00207620                cntcb_curval
 COMMON         0x00207624       0x68 build/model_impl.o
                0x00207624                blueTooth
                0x00207624                rightMotor
                0x00207628                pid
                0x00207634                gyroSensor
                0x0020763c                tail
                0x00207640                leftMotor
                0x00207644                touchSensor
                0x00207648                balanceRunner
                0x00207664                lightSensor
                0x00207668                lineTracer
                0x00207670                ui
                0x00207680                colorJudgement
 COMMON         0x0020768c       0x44 ../../nxtOSEK/ecrobot/../ecrobot/libecrobot.a(uart.oram)
                0x0020768c                uart
 COMMON         0x002076d0        0x4 ../../nxtOSEK/ecrobot/../ecrobot/libecrobot.a(data_abort.oram)
                0x002076d0                data_abort_pc
 COMMON         0x002076d4        0x8 ../../nxtOSEK/ecrobot/../ecrobot/libecrobot.a(display.oram)
                0x002076d4                display_x
                0x002076d8                display_y
 COMMON         0x002076dc      0x31c ../../nxtOSEK/ecrobot/../ecrobot/libecrobot.a(sound.oram)
                0x002076dc                sample
                0x002065d0                __bss_start__ = ADDR (.bss)
                0x002079f8                __bss_end__ = (ADDR (.bss) + SIZEOF (.bss))
                0x002079f8                PROVIDE (end, .)

.heap_area      0x002079f8     0x8180
                0x0020fb78                . = (. + (0x20fb78 - end))
 *fill*         0x002079f8     0x8180 00

.stack          0x0020fb78      0x488
                0x0020fbf8                . = (. + 0x80)
 *fill*         0x0020fb78       0x80 00
                0x0020fc00                . = ALIGN (0x10)
 *fill*         0x0020fbf8        0x8 00
                0x0020fc00                __irq_stack__ = .
                0x0020fc00                __system_stack_bottom__ = .
                0x00210000                . = (. + 0x400)
 *fill*         0x0020fc00      0x400 00
                0x00210000                . = ALIGN (0x10)
                0x00210000                __system_stack__ = .
                0x00210000                __system_stack_top__ = .
                0x0020fb78                __stack_start__ = ADDR (.stack)
                0x00210000                __stack_end__ = (ADDR (.stack) + SIZEOF (.stack))
OUTPUT(RUN4_rxe.elf elf32-littlearm)

.comment        0x00000000      0x45c
 .comment       0x00000000       0x12 build/kernel/alarm.o
 .comment       0x00000012       0x12 build/kernel/event.o
 .comment       0x00000024       0x12 build/kernel/interrupt.o
 .comment       0x00000036       0x12 build/kernel/osctl.o
 .comment       0x00000048       0x12 build/kernel/resource.o
 .comment       0x0000005a       0x12 build/kernel/task.o
 .comment       0x0000006c       0x12 build/kernel/task_manage.o
 .comment       0x0000007e       0x12 build/config/at91sam7s-gnu/cpu_config.o
 .comment       0x00000090       0x12 build/config/at91sam7s-gnu/lego_nxt/sys_config.o
 .comment       0x000000a2       0x12 build/./kernel_cfg.o
 .comment       0x000000b4       0x12 build/syscalls.o
 .comment       0x000000c6       0x12 build/ecrobot_bluetooth.o
 .comment       0x000000d8       0x12 build/ecrobot_base.o
 .comment       0x000000ea       0x12 build/ecrobot.o
 .comment       0x000000fc       0x12 build/balancer_param.o
 .comment       0x0000010e       0x12 build/LineTracer.o
 .comment       0x00000120       0x12 build/ColorJudgement.o
 .comment       0x00000132       0x12 build/BalanceRunner.o
 .comment       0x00000144       0x12 build/GyroSensor.o
 .comment       0x00000156       0x12 build/LightSensor.o
 .comment       0x00000168       0x12 build/Motor.o
 .comment       0x0000017a       0x12 build/model_impl.o
 .comment       0x0000018c       0x12 build/UI.o
 .comment       0x0000019e       0x12 build/TouchSensor.o
 .comment       0x000001b0       0x12 build/Tail.o
 .comment       0x000001c2       0x12 build/PID.o
 .comment       0x000001d4       0x12 build/BlueTooth.o
 .comment       0x000001e6       0x12 build/syslib/at91sam7s-gnu/lego_nxt/hw_sys_timer.oram
 .comment       0x000001f8       0x12 ../../nxtOSEK/ecrobot/../ecrobot/libecrobot.a(ecrobot_HiTechnic.o)
 .comment       0x0000020a       0x12 ../../nxtOSEK/ecrobot/../ecrobot/libecrobot.a(ecrobot_interface.o)
 .comment       0x0000021c       0x12 ../../nxtOSEK/ecrobot/../ecrobot/libecrobot.a(colorsensor.o)
 .comment       0x0000022e       0x12 ../../nxtOSEK/ecrobot/../ecrobot/libecrobot.a(osek_hook.o)
 .comment       0x00000240       0x12 ../../nxtOSEK/ecrobot/../ecrobot/libecrobot.a(uart.oram)
 .comment       0x00000252       0x12 ../../nxtOSEK/ecrobot/../ecrobot/libecrobot.a(systick.oram)
 .comment       0x00000264       0x12 ../../nxtOSEK/ecrobot/../ecrobot/libecrobot.a(byte_fifo.oram)
 .comment       0x00000276       0x12 ../../nxtOSEK/ecrobot/../ecrobot/libecrobot.a(aic.oram)
 .comment       0x00000288       0x12 ../../nxtOSEK/ecrobot/../ecrobot/libecrobot.a(udp.oram)
 .comment       0x0000029a       0x12 ../../nxtOSEK/ecrobot/../ecrobot/libecrobot.a(twi.oram)
 .comment       0x000002ac       0x12 ../../nxtOSEK/ecrobot/../ecrobot/libecrobot.a(nxt_spi.oram)
 .comment       0x000002be       0x12 ../../nxtOSEK/ecrobot/../ecrobot/libecrobot.a(nxt_motors.oram)
 .comment       0x000002d0       0x12 ../../nxtOSEK/ecrobot/../ecrobot/libecrobot.a(data_abort.oram)
 .comment       0x000002e2       0x12 ../../nxtOSEK/ecrobot/../ecrobot/libecrobot.a(display.oram)
 .comment       0x000002f4       0x12 ../../nxtOSEK/ecrobot/../ecrobot/libecrobot.a(i2c.oram)
 .comment       0x00000306       0x12 ../../nxtOSEK/ecrobot/../ecrobot/libecrobot.a(sound.oram)
 .comment       0x00000318       0x12 ../../nxtOSEK/ecrobot/../ecrobot/libecrobot.a(bt.oram)
 .comment       0x0000032a       0x12 ../../nxtOSEK/ecrobot/../ecrobot/libecrobot.a(nxt_avr.oram)
 .comment       0x0000033c       0x12 ../../nxtOSEK/ecrobot/../ecrobot/libecrobot.a(sensors.oram)
 .comment       0x0000034e       0x12 ../../nxtOSEK/ecrobot/../ecrobot/libecrobot.a(sensors1.oram)
 .comment       0x00000360       0x12 ../../nxtOSEK/ecrobot/../ecrobot/libecrobot.a(nxt_lcd.oram)
 .comment       0x00000372       0x12 ../../nxtOSEK/ecrobot/../ecrobot/libecrobot.a(flash_loader.oram)
 .comment       0x00000384       0x12 ../../nxtOSEK/ecrobot/../ecrobot/libecrobot.a(ecrobot_usb.o)
 .comment       0x00000396       0x12 ../../nxtOSEK/ecrobot/../ecrobot/libecrobot.a(flashprog.oram)
 .comment       0x000003a8       0x12 ../../nxtOSEK/ecrobot/../ecrobot/libnxtway_gs_balancer.a(balancer.o)
 .comment       0x000003ba       0x12 /cygdrive/C/cygwin/GNUARM/bin/../lib/gcc/arm-elf/4.0.2/thumb/interwork/libgcc.a(_muldi3.o)
 .comment       0x000003cc       0x12 /cygdrive/C/cygwin/GNUARM/bin/../lib/gcc/arm-elf/4.0.2/thumb/interwork/libgcc.a(_divdi3.o)
 .comment       0x000003de       0x12 /cygdrive/C/cygwin/GNUARM/bin/../lib/gcc/arm-elf/4.0.2/thumb/interwork/libgcc.a(_clz.o)
 .comment       0x000003f0       0x12 /cygdrive/C/cygwin/GNUARM/bin/../lib/gcc/arm-elf/4.0.2/../../../../arm-elf/lib/thumb/interwork/libc.a(memcpy.o)
 .comment       0x00000402       0x12 /cygdrive/C/cygwin/GNUARM/bin/../lib/gcc/arm-elf/4.0.2/../../../../arm-elf/lib/thumb/interwork/libc.a(memset.o)
 .comment       0x00000414       0x12 /cygdrive/C/cygwin/GNUARM/bin/../lib/gcc/arm-elf/4.0.2/../../../../arm-elf/lib/thumb/interwork/libc.a(strcmp.o)
 .comment       0x00000426       0x12 /cygdrive/C/cygwin/GNUARM/bin/../lib/gcc/arm-elf/4.0.2/../../../../arm-elf/lib/thumb/interwork/libc.a(strcpy.o)
 .comment       0x00000438       0x12 /cygdrive/C/cygwin/GNUARM/bin/../lib/gcc/arm-elf/4.0.2/../../../../arm-elf/lib/thumb/interwork/libc.a(strlen.o)
 .comment       0x0000044a       0x12 /cygdrive/C/cygwin/GNUARM/bin/../lib/gcc/arm-elf/4.0.2/../../../../arm-elf/lib/thumb/interwork/libc.a(strncpy.o)

.debug_line     0x00000000      0xf28
 .debug_line    0x00000000       0x70 /cygdrive/C/cygwin/GNUARM/bin/../lib/gcc/arm-elf/4.0.2/thumb/interwork/libgcc.a(_udivsi3.o)
 .debug_line    0x00000070       0x7c /cygdrive/C/cygwin/GNUARM/bin/../lib/gcc/arm-elf/4.0.2/thumb/interwork/libgcc.a(_divsi3.o)
 .debug_line    0x000000ec       0x68 /cygdrive/C/cygwin/GNUARM/bin/../lib/gcc/arm-elf/4.0.2/thumb/interwork/libgcc.a(_umodsi3.o)
 .debug_line    0x00000154       0x71 /cygdrive/C/cygwin/GNUARM/bin/../lib/gcc/arm-elf/4.0.2/thumb/interwork/libgcc.a(_modsi3.o)
 .debug_line    0x000001c5       0x5a /cygdrive/C/cygwin/GNUARM/bin/../lib/gcc/arm-elf/4.0.2/thumb/interwork/libgcc.a(_dvmd_tls.o)
 .debug_line    0x0000021f      0x162 /cygdrive/C/cygwin/GNUARM/bin/../lib/gcc/arm-elf/4.0.2/thumb/interwork/libgcc.a(_addsubdf3.o)
 .debug_line    0x00000381      0x177 /cygdrive/C/cygwin/GNUARM/bin/../lib/gcc/arm-elf/4.0.2/thumb/interwork/libgcc.a(_muldivdf3.o)
 .debug_line    0x000004f8       0xa4 /cygdrive/C/cygwin/GNUARM/bin/../lib/gcc/arm-elf/4.0.2/thumb/interwork/libgcc.a(_cmpdf2.o)
 .debug_line    0x0000059c       0x80 /cygdrive/C/cygwin/GNUARM/bin/../lib/gcc/arm-elf/4.0.2/thumb/interwork/libgcc.a(_truncdfsf2.o)
 .debug_line    0x0000061c      0x110 /cygdrive/C/cygwin/GNUARM/bin/../lib/gcc/arm-elf/4.0.2/thumb/interwork/libgcc.a(_addsubsf3.o)
 .debug_line    0x0000072c      0x11a /cygdrive/C/cygwin/GNUARM/bin/../lib/gcc/arm-elf/4.0.2/thumb/interwork/libgcc.a(_muldivsf3.o)
 .debug_line    0x00000846       0x98 /cygdrive/C/cygwin/GNUARM/bin/../lib/gcc/arm-elf/4.0.2/thumb/interwork/libgcc.a(_cmpsf2.o)
 .debug_line    0x000008de       0x6f /cygdrive/C/cygwin/GNUARM/bin/../lib/gcc/arm-elf/4.0.2/thumb/interwork/libgcc.a(_fixsfsi.o)
 .debug_line    0x0000094d       0x61 /cygdrive/C/cygwin/GNUARM/bin/../lib/gcc/arm-elf/4.0.2/thumb/interwork/libgcc.a(_muldi3.o)
 .debug_line    0x000009ae      0x122 /cygdrive/C/cygwin/GNUARM/bin/../lib/gcc/arm-elf/4.0.2/thumb/interwork/libgcc.a(_divdi3.o)
 .debug_line    0x00000ad0       0x48 /cygdrive/C/cygwin/GNUARM/bin/../lib/gcc/arm-elf/4.0.2/thumb/interwork/libgcc.a(_clz.o)
 .debug_line    0x00000b18       0xc3 /cygdrive/C/cygwin/GNUARM/bin/../lib/gcc/arm-elf/4.0.2/../../../../arm-elf/lib/thumb/interwork/libc.a(memcpy.o)
 .debug_line    0x00000bdb       0xd4 /cygdrive/C/cygwin/GNUARM/bin/../lib/gcc/arm-elf/4.0.2/../../../../arm-elf/lib/thumb/interwork/libc.a(memset.o)
 .debug_line    0x00000caf       0x88 /cygdrive/C/cygwin/GNUARM/bin/../lib/gcc/arm-elf/4.0.2/../../../../arm-elf/lib/thumb/interwork/libc.a(strcmp.o)
 .debug_line    0x00000d37       0x80 /cygdrive/C/cygwin/GNUARM/bin/../lib/gcc/arm-elf/4.0.2/../../../../arm-elf/lib/thumb/interwork/libc.a(strcpy.o)
 .debug_line    0x00000db7       0xaf /cygdrive/C/cygwin/GNUARM/bin/../lib/gcc/arm-elf/4.0.2/../../../../arm-elf/lib/thumb/interwork/libc.a(strlen.o)
 .debug_line    0x00000e66       0xc2 /cygdrive/C/cygwin/GNUARM/bin/../lib/gcc/arm-elf/4.0.2/../../../../arm-elf/lib/thumb/interwork/libc.a(strncpy.o)

.debug_info     0x00000000     0x1587
 .debug_info    0x00000000       0x6a /cygdrive/C/cygwin/GNUARM/bin/../lib/gcc/arm-elf/4.0.2/thumb/interwork/libgcc.a(_udivsi3.o)
 .debug_info    0x0000006a       0x6a /cygdrive/C/cygwin/GNUARM/bin/../lib/gcc/arm-elf/4.0.2/thumb/interwork/libgcc.a(_divsi3.o)
 .debug_info    0x000000d4       0x6a /cygdrive/C/cygwin/GNUARM/bin/../lib/gcc/arm-elf/4.0.2/thumb/interwork/libgcc.a(_umodsi3.o)
 .debug_info    0x0000013e       0x6a /cygdrive/C/cygwin/GNUARM/bin/../lib/gcc/arm-elf/4.0.2/thumb/interwork/libgcc.a(_modsi3.o)
 .debug_info    0x000001a8       0x6a /cygdrive/C/cygwin/GNUARM/bin/../lib/gcc/arm-elf/4.0.2/thumb/interwork/libgcc.a(_dvmd_tls.o)
 .debug_info    0x00000212       0x69 /cygdrive/C/cygwin/GNUARM/bin/../lib/gcc/arm-elf/4.0.2/thumb/interwork/libgcc.a(_addsubdf3.o)
 .debug_info    0x0000027b       0x69 /cygdrive/C/cygwin/GNUARM/bin/../lib/gcc/arm-elf/4.0.2/thumb/interwork/libgcc.a(_muldivdf3.o)
 .debug_info    0x000002e4       0x69 /cygdrive/C/cygwin/GNUARM/bin/../lib/gcc/arm-elf/4.0.2/thumb/interwork/libgcc.a(_cmpdf2.o)
 .debug_info    0x0000034d       0x69 /cygdrive/C/cygwin/GNUARM/bin/../lib/gcc/arm-elf/4.0.2/thumb/interwork/libgcc.a(_truncdfsf2.o)
 .debug_info    0x000003b6       0x69 /cygdrive/C/cygwin/GNUARM/bin/../lib/gcc/arm-elf/4.0.2/thumb/interwork/libgcc.a(_addsubsf3.o)
 .debug_info    0x0000041f       0x69 /cygdrive/C/cygwin/GNUARM/bin/../lib/gcc/arm-elf/4.0.2/thumb/interwork/libgcc.a(_muldivsf3.o)
 .debug_info    0x00000488       0x69 /cygdrive/C/cygwin/GNUARM/bin/../lib/gcc/arm-elf/4.0.2/thumb/interwork/libgcc.a(_cmpsf2.o)
 .debug_info    0x000004f1       0x69 /cygdrive/C/cygwin/GNUARM/bin/../lib/gcc/arm-elf/4.0.2/thumb/interwork/libgcc.a(_fixsfsi.o)
 .debug_info    0x0000055a      0x20e /cygdrive/C/cygwin/GNUARM/bin/../lib/gcc/arm-elf/4.0.2/thumb/interwork/libgcc.a(_muldi3.o)
 .debug_info    0x00000768      0x758 /cygdrive/C/cygwin/GNUARM/bin/../lib/gcc/arm-elf/4.0.2/thumb/interwork/libgcc.a(_divdi3.o)
 .debug_info    0x00000ec0       0xc9 /cygdrive/C/cygwin/GNUARM/bin/../lib/gcc/arm-elf/4.0.2/thumb/interwork/libgcc.a(_clz.o)
 .debug_info    0x00000f89      0x10d /cygdrive/C/cygwin/GNUARM/bin/../lib/gcc/arm-elf/4.0.2/../../../../arm-elf/lib/thumb/interwork/libc.a(memcpy.o)
 .debug_info    0x00001096      0x111 /cygdrive/C/cygwin/GNUARM/bin/../lib/gcc/arm-elf/4.0.2/../../../../arm-elf/lib/thumb/interwork/libc.a(memset.o)
 .debug_info    0x000011a7       0xd9 /cygdrive/C/cygwin/GNUARM/bin/../lib/gcc/arm-elf/4.0.2/../../../../arm-elf/lib/thumb/interwork/libc.a(strcmp.o)
 .debug_info    0x00001280      0x10c /cygdrive/C/cygwin/GNUARM/bin/../lib/gcc/arm-elf/4.0.2/../../../../arm-elf/lib/thumb/interwork/libc.a(strcpy.o)
 .debug_info    0x0000138c       0xd5 /cygdrive/C/cygwin/GNUARM/bin/../lib/gcc/arm-elf/4.0.2/../../../../arm-elf/lib/thumb/interwork/libc.a(strlen.o)
 .debug_info    0x00001461      0x126 /cygdrive/C/cygwin/GNUARM/bin/../lib/gcc/arm-elf/4.0.2/../../../../arm-elf/lib/thumb/interwork/libc.a(strncpy.o)

.debug_abbrev   0x00000000      0x701
 .debug_abbrev  0x00000000       0x14 /cygdrive/C/cygwin/GNUARM/bin/../lib/gcc/arm-elf/4.0.2/thumb/interwork/libgcc.a(_udivsi3.o)
 .debug_abbrev  0x00000014       0x14 /cygdrive/C/cygwin/GNUARM/bin/../lib/gcc/arm-elf/4.0.2/thumb/interwork/libgcc.a(_divsi3.o)
 .debug_abbrev  0x00000028       0x14 /cygdrive/C/cygwin/GNUARM/bin/../lib/gcc/arm-elf/4.0.2/thumb/interwork/libgcc.a(_umodsi3.o)
 .debug_abbrev  0x0000003c       0x14 /cygdrive/C/cygwin/GNUARM/bin/../lib/gcc/arm-elf/4.0.2/thumb/interwork/libgcc.a(_modsi3.o)
 .debug_abbrev  0x00000050       0x14 /cygdrive/C/cygwin/GNUARM/bin/../lib/gcc/arm-elf/4.0.2/thumb/interwork/libgcc.a(_dvmd_tls.o)
 .debug_abbrev  0x00000064       0x14 /cygdrive/C/cygwin/GNUARM/bin/../lib/gcc/arm-elf/4.0.2/thumb/interwork/libgcc.a(_addsubdf3.o)
 .debug_abbrev  0x00000078       0x14 /cygdrive/C/cygwin/GNUARM/bin/../lib/gcc/arm-elf/4.0.2/thumb/interwork/libgcc.a(_muldivdf3.o)
 .debug_abbrev  0x0000008c       0x14 /cygdrive/C/cygwin/GNUARM/bin/../lib/gcc/arm-elf/4.0.2/thumb/interwork/libgcc.a(_cmpdf2.o)
 .debug_abbrev  0x000000a0       0x14 /cygdrive/C/cygwin/GNUARM/bin/../lib/gcc/arm-elf/4.0.2/thumb/interwork/libgcc.a(_truncdfsf2.o)
 .debug_abbrev  0x000000b4       0x14 /cygdrive/C/cygwin/GNUARM/bin/../lib/gcc/arm-elf/4.0.2/thumb/interwork/libgcc.a(_addsubsf3.o)
 .debug_abbrev  0x000000c8       0x14 /cygdrive/C/cygwin/GNUARM/bin/../lib/gcc/arm-elf/4.0.2/thumb/interwork/libgcc.a(_muldivsf3.o)
 .debug_abbrev  0x000000dc       0x14 /cygdrive/C/cygwin/GNUARM/bin/../lib/gcc/arm-elf/4.0.2/thumb/interwork/libgcc.a(_cmpsf2.o)
 .debug_abbrev  0x000000f0       0x14 /cygdrive/C/cygwin/GNUARM/bin/../lib/gcc/arm-elf/4.0.2/thumb/interwork/libgcc.a(_fixsfsi.o)
 .debug_abbrev  0x00000104       0xec /cygdrive/C/cygwin/GNUARM/bin/../lib/gcc/arm-elf/4.0.2/thumb/interwork/libgcc.a(_muldi3.o)
 .debug_abbrev  0x000001f0      0x174 /cygdrive/C/cygwin/GNUARM/bin/../lib/gcc/arm-elf/4.0.2/thumb/interwork/libgcc.a(_divdi3.o)
 .debug_abbrev  0x00000364       0x61 /cygdrive/C/cygwin/GNUARM/bin/../lib/gcc/arm-elf/4.0.2/thumb/interwork/libgcc.a(_clz.o)
 .debug_abbrev  0x000003c5       0x99 /cygdrive/C/cygwin/GNUARM/bin/../lib/gcc/arm-elf/4.0.2/../../../../arm-elf/lib/thumb/interwork/libc.a(memcpy.o)
 .debug_abbrev  0x0000045e       0x9a /cygdrive/C/cygwin/GNUARM/bin/../lib/gcc/arm-elf/4.0.2/../../../../arm-elf/lib/thumb/interwork/libc.a(memset.o)
 .debug_abbrev  0x000004f8       0x71 /cygdrive/C/cygwin/GNUARM/bin/../lib/gcc/arm-elf/4.0.2/../../../../arm-elf/lib/thumb/interwork/libc.a(strcmp.o)
 .debug_abbrev  0x00000569       0x80 /cygdrive/C/cygwin/GNUARM/bin/../lib/gcc/arm-elf/4.0.2/../../../../arm-elf/lib/thumb/interwork/libc.a(strcpy.o)
 .debug_abbrev  0x000005e9       0x8b /cygdrive/C/cygwin/GNUARM/bin/../lib/gcc/arm-elf/4.0.2/../../../../arm-elf/lib/thumb/interwork/libc.a(strlen.o)
 .debug_abbrev  0x00000674       0x8d /cygdrive/C/cygwin/GNUARM/bin/../lib/gcc/arm-elf/4.0.2/../../../../arm-elf/lib/thumb/interwork/libc.a(strncpy.o)

.debug_aranges  0x00000000      0x2a0
 .debug_aranges
                0x00000000       0x20 /cygdrive/C/cygwin/GNUARM/bin/../lib/gcc/arm-elf/4.0.2/thumb/interwork/libgcc.a(_udivsi3.o)
 .debug_aranges
                0x00000020       0x20 /cygdrive/C/cygwin/GNUARM/bin/../lib/gcc/arm-elf/4.0.2/thumb/interwork/libgcc.a(_divsi3.o)
 .debug_aranges
                0x00000040       0x20 /cygdrive/C/cygwin/GNUARM/bin/../lib/gcc/arm-elf/4.0.2/thumb/interwork/libgcc.a(_umodsi3.o)
 .debug_aranges
                0x00000060       0x20 /cygdrive/C/cygwin/GNUARM/bin/../lib/gcc/arm-elf/4.0.2/thumb/interwork/libgcc.a(_modsi3.o)
 .debug_aranges
                0x00000080       0x20 /cygdrive/C/cygwin/GNUARM/bin/../lib/gcc/arm-elf/4.0.2/thumb/interwork/libgcc.a(_dvmd_tls.o)
 .debug_aranges
                0x000000a0       0x20 /cygdrive/C/cygwin/GNUARM/bin/../lib/gcc/arm-elf/4.0.2/thumb/interwork/libgcc.a(_addsubdf3.o)
 .debug_aranges
                0x000000c0       0x20 /cygdrive/C/cygwin/GNUARM/bin/../lib/gcc/arm-elf/4.0.2/thumb/interwork/libgcc.a(_muldivdf3.o)
 .debug_aranges
                0x000000e0       0x20 /cygdrive/C/cygwin/GNUARM/bin/../lib/gcc/arm-elf/4.0.2/thumb/interwork/libgcc.a(_cmpdf2.o)
 .debug_aranges
                0x00000100       0x20 /cygdrive/C/cygwin/GNUARM/bin/../lib/gcc/arm-elf/4.0.2/thumb/interwork/libgcc.a(_truncdfsf2.o)
 .debug_aranges
                0x00000120       0x20 /cygdrive/C/cygwin/GNUARM/bin/../lib/gcc/arm-elf/4.0.2/thumb/interwork/libgcc.a(_addsubsf3.o)
 .debug_aranges
                0x00000140       0x20 /cygdrive/C/cygwin/GNUARM/bin/../lib/gcc/arm-elf/4.0.2/thumb/interwork/libgcc.a(_muldivsf3.o)
 .debug_aranges
                0x00000160       0x20 /cygdrive/C/cygwin/GNUARM/bin/../lib/gcc/arm-elf/4.0.2/thumb/interwork/libgcc.a(_cmpsf2.o)
 .debug_aranges
                0x00000180       0x20 /cygdrive/C/cygwin/GNUARM/bin/../lib/gcc/arm-elf/4.0.2/thumb/interwork/libgcc.a(_fixsfsi.o)
 .debug_aranges
                0x000001a0       0x20 /cygdrive/C/cygwin/GNUARM/bin/../lib/gcc/arm-elf/4.0.2/thumb/interwork/libgcc.a(_muldi3.o)
 .debug_aranges
                0x000001c0       0x20 /cygdrive/C/cygwin/GNUARM/bin/../lib/gcc/arm-elf/4.0.2/thumb/interwork/libgcc.a(_divdi3.o)
 .debug_aranges
                0x000001e0       0x20 /cygdrive/C/cygwin/GNUARM/bin/../lib/gcc/arm-elf/4.0.2/../../../../arm-elf/lib/thumb/interwork/libc.a(memcpy.o)
 .debug_aranges
                0x00000200       0x20 /cygdrive/C/cygwin/GNUARM/bin/../lib/gcc/arm-elf/4.0.2/../../../../arm-elf/lib/thumb/interwork/libc.a(memset.o)
 .debug_aranges
                0x00000220       0x20 /cygdrive/C/cygwin/GNUARM/bin/../lib/gcc/arm-elf/4.0.2/../../../../arm-elf/lib/thumb/interwork/libc.a(strcmp.o)
 .debug_aranges
                0x00000240       0x20 /cygdrive/C/cygwin/GNUARM/bin/../lib/gcc/arm-elf/4.0.2/../../../../arm-elf/lib/thumb/interwork/libc.a(strcpy.o)
 .debug_aranges
                0x00000260       0x20 /cygdrive/C/cygwin/GNUARM/bin/../lib/gcc/arm-elf/4.0.2/../../../../arm-elf/lib/thumb/interwork/libc.a(strlen.o)
 .debug_aranges
                0x00000280       0x20 /cygdrive/C/cygwin/GNUARM/bin/../lib/gcc/arm-elf/4.0.2/../../../../arm-elf/lib/thumb/interwork/libc.a(strncpy.o)

.debug_frame    0x00000000      0x180
 .debug_frame   0x00000000       0x38 /cygdrive/C/cygwin/GNUARM/bin/../lib/gcc/arm-elf/4.0.2/thumb/interwork/libgcc.a(_muldi3.o)
 .debug_frame   0x00000038       0x3c /cygdrive/C/cygwin/GNUARM/bin/../lib/gcc/arm-elf/4.0.2/thumb/interwork/libgcc.a(_divdi3.o)
 .debug_frame   0x00000074       0x2c /cygdrive/C/cygwin/GNUARM/bin/../lib/gcc/arm-elf/4.0.2/../../../../arm-elf/lib/thumb/interwork/libc.a(memcpy.o)
 .debug_frame   0x000000a0       0x2c /cygdrive/C/cygwin/GNUARM/bin/../lib/gcc/arm-elf/4.0.2/../../../../arm-elf/lib/thumb/interwork/libc.a(memset.o)
 .debug_frame   0x000000cc       0x2c /cygdrive/C/cygwin/GNUARM/bin/../lib/gcc/arm-elf/4.0.2/../../../../arm-elf/lib/thumb/interwork/libc.a(strcmp.o)
 .debug_frame   0x000000f8       0x2c /cygdrive/C/cygwin/GNUARM/bin/../lib/gcc/arm-elf/4.0.2/../../../../arm-elf/lib/thumb/interwork/libc.a(strcpy.o)
 .debug_frame   0x00000124       0x2c /cygdrive/C/cygwin/GNUARM/bin/../lib/gcc/arm-elf/4.0.2/../../../../arm-elf/lib/thumb/interwork/libc.a(strlen.o)
 .debug_frame   0x00000150       0x30 /cygdrive/C/cygwin/GNUARM/bin/../lib/gcc/arm-elf/4.0.2/../../../../arm-elf/lib/thumb/interwork/libc.a(strncpy.o)

.debug_loc      0x00000000     0x13c0
 .debug_loc     0x00000000      0x156 /cygdrive/C/cygwin/GNUARM/bin/../lib/gcc/arm-elf/4.0.2/thumb/interwork/libgcc.a(_muldi3.o)
 .debug_loc     0x00000156      0xd45 /cygdrive/C/cygwin/GNUARM/bin/../lib/gcc/arm-elf/4.0.2/thumb/interwork/libgcc.a(_divdi3.o)
 .debug_loc     0x00000e9b      0x127 /cygdrive/C/cygwin/GNUARM/bin/../lib/gcc/arm-elf/4.0.2/../../../../arm-elf/lib/thumb/interwork/libc.a(memcpy.o)
 .debug_loc     0x00000fc2      0x12a /cygdrive/C/cygwin/GNUARM/bin/../lib/gcc/arm-elf/4.0.2/../../../../arm-elf/lib/thumb/interwork/libc.a(memset.o)
 .debug_loc     0x000010ec       0x8e /cygdrive/C/cygwin/GNUARM/bin/../lib/gcc/arm-elf/4.0.2/../../../../arm-elf/lib/thumb/interwork/libc.a(strcmp.o)
 .debug_loc     0x0000117a       0xb4 /cygdrive/C/cygwin/GNUARM/bin/../lib/gcc/arm-elf/4.0.2/../../../../arm-elf/lib/thumb/interwork/libc.a(strcpy.o)
 .debug_loc     0x0000122e       0x3c /cygdrive/C/cygwin/GNUARM/bin/../lib/gcc/arm-elf/4.0.2/../../../../arm-elf/lib/thumb/interwork/libc.a(strlen.o)
 .debug_loc     0x0000126a      0x156 /cygdrive/C/cygwin/GNUARM/bin/../lib/gcc/arm-elf/4.0.2/../../../../arm-elf/lib/thumb/interwork/libc.a(strncpy.o)

.debug_pubnames
                0x00000000      0x10d
 .debug_pubnames
                0x00000000       0x1f /cygdrive/C/cygwin/GNUARM/bin/../lib/gcc/arm-elf/4.0.2/thumb/interwork/libgcc.a(_muldi3.o)
 .debug_pubnames
                0x0000001f       0x1f /cygdrive/C/cygwin/GNUARM/bin/../lib/gcc/arm-elf/4.0.2/thumb/interwork/libgcc.a(_divdi3.o)
 .debug_pubnames
                0x0000003e       0x20 /cygdrive/C/cygwin/GNUARM/bin/../lib/gcc/arm-elf/4.0.2/thumb/interwork/libgcc.a(_clz.o)
 .debug_pubnames
                0x0000005e       0x1d /cygdrive/C/cygwin/GNUARM/bin/../lib/gcc/arm-elf/4.0.2/../../../../arm-elf/lib/thumb/interwork/libc.a(memcpy.o)
 .debug_pubnames
                0x0000007b       0x1d /cygdrive/C/cygwin/GNUARM/bin/../lib/gcc/arm-elf/4.0.2/../../../../arm-elf/lib/thumb/interwork/libc.a(memset.o)
 .debug_pubnames
                0x00000098       0x1d /cygdrive/C/cygwin/GNUARM/bin/../lib/gcc/arm-elf/4.0.2/../../../../arm-elf/lib/thumb/interwork/libc.a(strcmp.o)
 .debug_pubnames
                0x000000b5       0x1d /cygdrive/C/cygwin/GNUARM/bin/../lib/gcc/arm-elf/4.0.2/../../../../arm-elf/lib/thumb/interwork/libc.a(strcpy.o)
 .debug_pubnames
                0x000000d2       0x1d /cygdrive/C/cygwin/GNUARM/bin/../lib/gcc/arm-elf/4.0.2/../../../../arm-elf/lib/thumb/interwork/libc.a(strlen.o)
 .debug_pubnames
                0x000000ef       0x1e /cygdrive/C/cygwin/GNUARM/bin/../lib/gcc/arm-elf/4.0.2/../../../../arm-elf/lib/thumb/interwork/libc.a(strncpy.o)

.debug_ranges   0x00000000      0x1d8
 .debug_ranges  0x00000000       0x30 /cygdrive/C/cygwin/GNUARM/bin/../lib/gcc/arm-elf/4.0.2/thumb/interwork/libgcc.a(_muldi3.o)
 .debug_ranges  0x00000030      0x1a8 /cygdrive/C/cygwin/GNUARM/bin/../lib/gcc/arm-elf/4.0.2/thumb/interwork/libgcc.a(_divdi3.o)

.debug_str      0x00000000      0x38b
 .debug_str     0x00000000       0xfb /cygdrive/C/cygwin/GNUARM/bin/../lib/gcc/arm-elf/4.0.2/thumb/interwork/libgcc.a(_muldi3.o)
                                0x14f (size before relaxing)
 .debug_str     0x000000fb       0x5d /cygdrive/C/cygwin/GNUARM/bin/../lib/gcc/arm-elf/4.0.2/thumb/interwork/libgcc.a(_divdi3.o)
                                0x1a3 (size before relaxing)
 .debug_str     0x00000158        0x0 /cygdrive/C/cygwin/GNUARM/bin/../lib/gcc/arm-elf/4.0.2/thumb/interwork/libgcc.a(_clz.o)
                                0x104 (size before relaxing)
 .debug_str     0x00000158       0xb3 /cygdrive/C/cygwin/GNUARM/bin/../lib/gcc/arm-elf/4.0.2/../../../../arm-elf/lib/thumb/interwork/libc.a(memcpy.o)
                                 0xdf (size before relaxing)
 .debug_str     0x0000020b       0x5a /cygdrive/C/cygwin/GNUARM/bin/../lib/gcc/arm-elf/4.0.2/../../../../arm-elf/lib/thumb/interwork/libc.a(memset.o)
                                0x129 (size before relaxing)
 .debug_str     0x00000265       0x46 /cygdrive/C/cygwin/GNUARM/bin/../lib/gcc/arm-elf/4.0.2/../../../../arm-elf/lib/thumb/interwork/libc.a(strcmp.o)
                                0x10e (size before relaxing)
 .debug_str     0x000002ab       0x46 /cygdrive/C/cygwin/GNUARM/bin/../lib/gcc/arm-elf/4.0.2/../../../../arm-elf/lib/thumb/interwork/libc.a(strcpy.o)
                                0x130 (size before relaxing)
 .debug_str     0x000002f1       0x4c /cygdrive/C/cygwin/GNUARM/bin/../lib/gcc/arm-elf/4.0.2/../../../../arm-elf/lib/thumb/interwork/libc.a(strlen.o)
                                0x128 (size before relaxing)
 .debug_str     0x0000033d       0x4e /cygdrive/C/cygwin/GNUARM/bin/../lib/gcc/arm-elf/4.0.2/../../../../arm-elf/lib/thumb/interwork/libc.a(strncpy.o)
                                0x13f (size before relaxing)

Cross Reference Table

Symbol                                            File
A_D                                               build/balancer_param.o
                                                  ../../nxtOSEK/ecrobot/../ecrobot/libnxtway_gs_balancer.a(balancer.o)
A_R                                               build/balancer_param.o
                                                  ../../nxtOSEK/ecrobot/../ecrobot/libnxtway_gs_balancer.a(balancer.o)
ActivateTask                                      build/kernel/task_manage.o
BATTERY_GAIN                                      build/balancer_param.o
                                                  ../../nxtOSEK/ecrobot/../ecrobot/libnxtway_gs_balancer.a(balancer.o)
BATTERY_OFFSET                                    build/balancer_param.o
                                                  ../../nxtOSEK/ecrobot/../ecrobot/libnxtway_gs_balancer.a(balancer.o)
BalanceRunner_init                                build/BalanceRunner.o
                                                  build/model_impl.o
BalanceRunner_run                                 build/BalanceRunner.o
                                                  build/LineTracer.o
BlueTooth_init                                    build/BlueTooth.o
                                                  build/model_impl.o
BlueTooth_isReceived                              build/BlueTooth.o
                                                  build/UI.o
CancelAlarm                                       build/kernel/alarm.o
ChainTask                                         build/kernel/task_manage.o
ClearEvent                                        build/kernel/event.o
ColorJudgement_calibration                        build/ColorJudgement.o
                                                  build/UI.o
ColorJudgement_caluculateDirection                build/ColorJudgement.o
                                                  build/LineTracer.o
ColorJudgement_init                               build/ColorJudgement.o
                                                  build/model_impl.o
DisableAllInterrupts                              build/kernel/interrupt.o
EnableAllInterrupts                               build/kernel/interrupt.o
ErrorHook                                         ../../nxtOSEK/ecrobot/../ecrobot/libecrobot.a(osek_hook.o)
                                                  build/kernel/osctl.o
GetActiveApplicationMode                          build/kernel/osctl.o
GetAlarm                                          build/kernel/alarm.o
GetAlarmBase                                      build/kernel/alarm.o
GetEvent                                          build/kernel/event.o
GetResource                                       build/kernel/resource.o
GetTaskID                                         build/kernel/task_manage.o
GetTaskState                                      build/kernel/task_manage.o
GyroSensor_getAngularVelocity                     build/GyroSensor.o
                                                  build/BalanceRunner.o
GyroSensor_getOffset                              build/GyroSensor.o
GyroSensor_init                                   build/GyroSensor.o
                                                  build/model_impl.o
K_F                                               build/balancer_param.o
                                                  ../../nxtOSEK/ecrobot/../ecrobot/libnxtway_gs_balancer.a(balancer.o)
K_I                                               build/balancer_param.o
                                                  ../../nxtOSEK/ecrobot/../ecrobot/libnxtway_gs_balancer.a(balancer.o)
K_PHIDOT                                          build/balancer_param.o
                                                  ../../nxtOSEK/ecrobot/../ecrobot/libnxtway_gs_balancer.a(balancer.o)
K_THETADOT                                        build/balancer_param.o
                                                  ../../nxtOSEK/ecrobot/../ecrobot/libnxtway_gs_balancer.a(balancer.o)
LightSensor_getBrightness                         build/LightSensor.o
                                                  build/ColorJudgement.o
LightSensor_init                                  build/LightSensor.o
                                                  build/model_impl.o
LineTracer_init                                   build/LineTracer.o
                                                  build/model_impl.o
LineTracer_trace                                  build/LineTracer.o
                                                  build/model_impl.o
Motor_getAngle                                    build/Motor.o
                                                  build/BalanceRunner.o
Motor_init                                        build/Motor.o
                                                  build/model_impl.o
Motor_resetAngle                                  build/Motor.o
Motor_rotate                                      build/Motor.o
                                                  build/BalanceRunner.o
NXT_COLORSENSOR_PROTOCOLS                         ../../nxtOSEK/ecrobot/../ecrobot/libecrobot.a(ecrobot_interface.o)
NXT_Entry_Point                                   build/nxt_entry_point.o
                                                  build/nxt_binary_header.o
PID_calculation                                   build/PID.o
                                                  build/ColorJudgement.o
PID_init                                          build/PID.o
                                                  build/model_impl.o
PostTaskHook                                      ../../nxtOSEK/ecrobot/../ecrobot/libecrobot.a(osek_hook.o)